3.2182 	INFO 	Loaded monitor calibration from ['2026_01_06 15:55']
3.2324 	WARNING 	User requested fullscreen with size [1280  800], but screen is actually [1920, 1200]. Using actual size
3.5513 	INFO 	Using renderer 'NVIDIA GeForce GTX 1650/PCIe/SSE2' for graphics
3.5513 	INFO 	OpenGL version supported by driver is 4..
3.5567 	EXP 	Created window1 = Window(allowGUI=True, allowStencil=False, autoLog=True, backendConf=UNKNOWN, backgroundFit=<method-wrapper '__getattribute__' of attributeSetter object at 0x7f8e497e7b50>, backgroundImage=<method-wrapper '__getattribute__' of attributeSetter object at 0x7f8e497e7b10>, bitsMode=UNKNOWN, blendMode='avg', bpc=(8, 8, 8), color=array([0, 0, 0]), colorSpace='rgb', depthBits=8, fullscr=True, gamma=None, gammaErrorPolicy='raise', infoMsg=UNKNOWN, lms=UNKNOWN, monitor=<psychopy.monitors.calibTools.Monitor object at 0x7f8e45a2cfd0>, multiSample=False, name='window1', numSamples=2, pos=[np.float64(0.0), np.float64(0.0)], screen=0, size=array([1920, 1200]), stencilBits=0, stereo=False, title='PsychoPy', units='pix', useFBO=True, useRetina=False, viewOri=0.0, viewPos=None, viewScale=None, waitBlanking=True, winType='pyglet')
3.5567 	EXP 	window1: backgroundImage = ''
3.5567 	EXP 	window1: backgroundFit = 'none'
3.5866 	EXP 	window1: Attempting to measure frame rate of screen (0) ...
3.5867 	EXP 	window1: recordFrameIntervals = False
3.7561 	EXP 	window1: recordFrameIntervals = True
3.9730 	EXP 	Screen (0) actual frame rate measured at 60.09Hz
3.9731 	EXP 	window1: recordFrameIntervals = False
4.1301 	INFO 	keyboard.Keyboard is using iohub backend.
4.1301 	INFO 	keyboard.Keyboard is using iohub backend.
4.1301 	INFO 	keyboard.Keyboard is using iohub backend.
4.1301 	INFO 	keyboard.Keyboard is using iohub backend.
4.1301 	INFO 	keyboard.Keyboard is using iohub backend.
4.1301 	INFO 	keyboard.Keyboard is using iohub backend.
4.1301 	EXP 	go_nogo_dm: status = STARTED
4.1626 	EXP 	Created welcome_text = TextStim(__class__=<class 'psychopy.visual.text.TextStim'>, alignHoriz=method-wrapper(...), alignText='center', alignVert=method-wrapper(...), anchorHoriz='center', anchorVert='center', antialias=True, autoDraw=False, autoLog=True, bold=False, color=array([-1., -1., -1.]), colorSpace='rgb', contrast=1.0, depth=0.0, draggable=False, flipHoriz=False, flipVert=False, font='Arial', fontFiles=[], height=np.float64(40.0), italic=False, languageStyle='LTR', name='welcome_text', opacity=1, ori=0.0, pos=array([0., 0.]), rgb=UNKNOWN, text=str(...), units='pix', win=Window(...), wrapWidth=1500.0)
4.1888 	EXP 	Created image = ImageStim(__class__=<class 'psychopy.visual.image.ImageStim'>, anchor=('center', 'center'), autoLog=True, color=array([1., 1., 1.]), colorSpace='rgb', contrast=1.0, depth=0.0, draggable=False, flipHoriz=np.False_, flipVert=np.False_, image='Slide7.PNG', interpolate=True, mask=None, maskParams=None, name='image', opacity=1, ori=0.0, pos=array([0., 0.]), size=array([1536.,  864.]), texRes=128.0, units='pix', win=Window(...))
4.1992 	EXP 	Created image_2 = ImageStim(__class__=<class 'psychopy.visual.image.ImageStim'>, anchor=('center', 'center'), autoLog=True, color=array([1., 1., 1.]), colorSpace='rgb', contrast=1.0, depth=0.0, draggable=False, flipHoriz=np.False_, flipVert=np.False_, image='Slide8.PNG', interpolate=True, mask=None, maskParams=None, name='image_2', opacity=1, ori=0.0, pos=array([0., 0.]), size=array([1536.,  864.]), texRes=128.0, units='pix', win=Window(...))
4.2110 	EXP 	Created exp_start_inst = TextStim(__class__=<class 'psychopy.visual.text.TextStim'>, alignHoriz=method-wrapper(...), alignText='center', alignVert=method-wrapper(...), anchorHoriz='center', anchorVert='center', antialias=True, autoDraw=False, autoLog=True, bold=False, color=array([-1., -1., -1.]), colorSpace='rgb', contrast=1.0, depth=0.0, draggable=False, flipHoriz=False, flipVert=False, font='Arial', fontFiles=[], height=np.float64(40.0), italic=False, languageStyle='LTR', name='exp_start_inst', opacity=1, ori=0.0, pos=array([0., 0.]), rgb=UNKNOWN, text=str(...), units='pix', win=Window(...), wrapWidth=1500.0)
4.2133 	EXP 	Created fixation_cross_3 = TextStim(__class__=<class 'psychopy.visual.text.TextStim'>, alignHoriz=method-wrapper(...), alignText='center', alignVert=method-wrapper(...), anchorHoriz='center', anchorVert='center', antialias=True, autoDraw=False, autoLog=True, bold=False, color=array([-1., -1., -1.]), colorSpace='rgb', contrast=1.0, depth=0.0, draggable=False, flipHoriz=False, flipVert=False, font='Arial', fontFiles=[], height=np.float64(30.0), italic=False, languageStyle='LTR', name='fixation_cross_3', opacity=1, ori=0.0, pos=array([0., 0.]), rgb=UNKNOWN, text='+', units='pix', win=Window(...), wrapWidth=500)
4.2141 	EXP 	Created start_box = Rect(__class__=<class 'psychopy.visual.rect.Rect'>, anchor=('center', 'center'), autoDraw=False, autoLog=True, closeShape=True, color=method-wrapper(...), colorSpace='rgb', contrast=None, depth=-1.0, draggable=False, fillColor=array([-1., -1.,  1.]), fillColorSpace='rgb', fillRGB=array([-1., -1.,  1.]), interpolate=True, lineColor=array([-1., -1., -1.]), lineColorSpace='rgb', lineRGB=array([-1, -1, -1]), lineWidth=1.0, name='start_box', opacity=1, ori=0.0, pos=array([   0., -400.]), size=array([100., 100.]), units='pix', vertices=ndarray(...), win=Window(...))
4.2149 	EXP 	Created start_box_2 = Rect(__class__=<class 'psychopy.visual.rect.Rect'>, anchor=('center', 'center'), autoDraw=False, autoLog=True, closeShape=True, color=method-wrapper(...), colorSpace='rgb', contrast=None, depth=0.0, draggable=False, fillColor=array([-1, -1, -1]), fillColorSpace='rgb', fillRGB=array([-1, -1, -1]), interpolate=True, lineColor=array([-1., -1., -1.]), lineColorSpace='rgb', lineRGB=array([-1, -1, -1]), lineWidth=1.0, name='start_box_2', opacity=1, ori=0.0, pos=array([   0., -400.]), size=array([100., 100.]), units='pix', vertices=ndarray(...), win=Window(...))
4.2156 	EXP 	Created response_box = Rect(__class__=<class 'psychopy.visual.rect.Rect'>, anchor=('center', 'center'), autoDraw=False, autoLog=True, closeShape=True, color=method-wrapper(...), colorSpace='rgb', contrast=None, depth=-1.0, draggable=False, fillColor=array([1, 1, 1]), fillColorSpace='rgb', fillRGB=array([1, 1, 1]), interpolate=True, lineColor=array([-1., -1., -1.]), lineColorSpace='rgb', lineRGB=array([-1, -1, -1]), lineWidth=1.0, name='response_box', opacity=1, ori=0.0, pos=array([200., 300.]), size=array([100., 100.]), units='pix', vertices=ndarray(...), win=Window(...))
4.2164 	EXP 	Created start_box_3 = Rect(__class__=<class 'psychopy.visual.rect.Rect'>, anchor=('center', 'center'), autoDraw=False, autoLog=True, closeShape=True, color=method-wrapper(...), colorSpace='rgb', contrast=None, depth=-1.0, draggable=False, fillColor=array([-1, -1, -1]), fillColorSpace='rgb', fillRGB=array([-1, -1, -1]), interpolate=True, lineColor=array([-1., -1., -1.]), lineColorSpace='rgb', lineRGB=array([-1, -1, -1]), lineWidth=1.0, name='start_box_3', opacity=1, ori=0.0, pos=array([   0., -400.]), size=array([100., 100.]), units='pix', vertices=ndarray(...), win=Window(...))
4.2171 	EXP 	Created response_box_2 = Rect(__class__=<class 'psychopy.visual.rect.Rect'>, anchor=('center', 'center'), autoDraw=False, autoLog=True, closeShape=True, color=method-wrapper(...), colorSpace='rgb', contrast=None, depth=-2.0, draggable=False, fillColor=array([1, 1, 1]), fillColorSpace='rgb', fillRGB=array([1, 1, 1]), interpolate=True, lineColor=array([-1., -1., -1.]), lineColorSpace='rgb', lineRGB=array([-1, -1, -1]), lineWidth=1.0, name='response_box_2', opacity=1, ori=0.0, pos=array([200., 300.]), size=array([100., 100.]), units='pix', vertices=ndarray(...), win=Window(...))
4.2184 	EXP 	Created text_stimulus = TextStim(__class__=<class 'psychopy.visual.text.TextStim'>, alignHoriz=method-wrapper(...), alignText='center', alignVert=method-wrapper(...), anchorHoriz='center', anchorVert='center', antialias=True, autoDraw=False, autoLog=True, bold=False, color=array([-1., -1., -1.]), colorSpace='rgb', contrast=1.0, depth=-3.0, draggable=False, flipHoriz=False, flipVert=False, font='Arial', fontFiles=[], height=72.0, italic=False, languageStyle='LTR', name='text_stimulus', opacity=1, ori=0.0, pos=array([200., 300.]), rgb=UNKNOWN, text='', units='pix', win=Window(...), wrapWidth=500)
4.2212 	EXP 	Created blank = TextStim(__class__=<class 'psychopy.visual.text.TextStim'>, alignHoriz=method-wrapper(...), alignText='center', alignVert=method-wrapper(...), anchorHoriz='center', anchorVert='center', antialias=True, autoDraw=False, autoLog=True, bold=False, color=array([1., 1., 1.]), colorSpace='rgb', contrast=1.0, depth=-1.0, draggable=False, flipHoriz=False, flipVert=False, font='Arial', fontFiles=[], height=np.float64(1.0), italic=False, languageStyle='LTR', name='blank', opacity=1, ori=0.0, pos=array([0., 0.]), rgb=UNKNOWN, text='.', units='pix', win=Window(...), wrapWidth=500)
4.2218 	EXP 	Created block_end_text = TextStim(__class__=<class 'psychopy.visual.text.TextStim'>, alignHoriz=method-wrapper(...), alignText='center', alignVert=method-wrapper(...), anchorHoriz='center', anchorVert='center', antialias=True, autoDraw=False, autoLog=True, bold=False, color=array([-1., -1., -1.]), colorSpace='rgb', contrast=1.0, depth=-1.0, draggable=False, flipHoriz=False, flipVert=False, font='Arial', fontFiles=[], height=np.float64(40.0), italic=False, languageStyle='LTR', name='block_end_text', opacity=1, ori=0.0, pos=array([0., 0.]), rgb=UNKNOWN, text='', units='pix', win=Window(...), wrapWidth=1500.0)
0.0187 	INFO 	Keyboard events cleared
0.0185 	EXP 	welcome_text: autoDraw = True
0.5025 	EXP 	Device response: <KeyPress from None: t=0.5005483627319336, value=space, duration=None>
0.5028 	DATA 	Keypress: space
1.7058 	DATA 	Mouse: Left button down, pos=(887,546)
1.8569 	DATA 	Mouse:  Left button up, pos=(887,546)
2.0063 	EXP 	Device response: <KeyPress from None: t=6.226323127746582, value=space, duration=None>
2.0068 	DATA 	Keypress: space
2.3903 	DATA 	Keypress: space
4.8419 	EXP 	Device response: <KeyPress from None: t=9.05035400390625, value=space, duration=None>
4.8423 	DATA 	Keypress: space
5.7929 	DATA 	Keypress: escape
5.9584 	EXP 	Device response: <KeyPress from None: t=2.0045793056488037, value=space, duration=None>
5.9584 	EXP 	Device response: <KeyPress from None: t=0.5005483627319336, value=space, duration=1.6717846393585205>
5.9585 	EXP 	Device response: <KeyPress from None: t=2.3806281089782715, value=space, duration=None>
5.9585 	EXP 	Device response: <KeyPress from None: t=6.226323127746582, value=space, duration=-3.677983045578003>
5.9585 	EXP 	Device response: <KeyPress from None: t=4.828606605529785, value=space, duration=None>
5.9585 	EXP 	Device response: <KeyPress from None: t=9.05035400390625, value=space, duration=-4.038025856018066>
5.9585 	EXP 	Device response: <KeyPress from None: t=5.780642986297607, value=escape, duration=None>
5.9585 	EXP 	Device response: <KeyPress from None: t=5.780642986297607, value=escape, duration=0.10373830795288086>
5.9588 	EXP 	go_nogo_dm: status = STOPPED
5.9742 	EXP 	welcome_text: autoDraw = False
5.9743 	EXP 	go_nogo_dm: status = STOPPED
5.9757 	INFO 	saved data to '/media/Data03/Studies/Research_BEEHub/Git_repository/BEEHub/Projects/MT/paradigm/psychopy/data/459622_go_nogo_dm_2026-09-28_11h06.51.423.csv'
5.9758 	INFO 	saved data to /media/Data03/Studies/Research_BEEHub/Git_repository/BEEHub/Projects/MT/paradigm/psychopy/data/459622_go_nogo_dm_2026-09-28_11h06.51.423.psydat
