9.7446 	INFO 	Loaded monitor calibration from ['2026_01_06 15:55']
9.7589 	WARNING 	User requested fullscreen with size [1280  800], but screen is actually [1920, 1200]. Using actual size
10.0931 	INFO 	Using renderer 'NVIDIA GeForce GTX 1650/PCIe/SSE2' for graphics
10.0931 	INFO 	OpenGL version supported by driver is 4..
10.0966 	EXP 	Created window1 = Window(allowGUI=True, allowStencil=False, autoLog=True, backendConf=UNKNOWN, backgroundFit=<method-wrapper '__getattribute__' of attributeSetter object at 0x7fe5f55dac10>, backgroundImage=<method-wrapper '__getattribute__' of attributeSetter object at 0x7fe5f55da210>, bitsMode=UNKNOWN, blendMode='avg', bpc=(8, 8, 8), color=array([0, 0, 0]), colorSpace='rgb', depthBits=8, fullscr=True, gamma=None, gammaErrorPolicy='raise', infoMsg=UNKNOWN, lms=UNKNOWN, monitor=<psychopy.monitors.calibTools.Monitor object at 0x7fe5f2c70dd0>, multiSample=False, name='window1', numSamples=2, pos=[np.float64(0.0), np.float64(0.0)], screen=0, size=array([1920, 1200]), stencilBits=0, stereo=False, title='PsychoPy', units='pix', useFBO=True, useRetina=False, viewOri=0.0, viewPos=None, viewScale=None, waitBlanking=True, winType='pyglet')
10.0966 	EXP 	window1: backgroundImage = ''
10.0966 	EXP 	window1: backgroundFit = 'none'
10.1271 	EXP 	window1: Attempting to measure frame rate of screen (0) ...
10.1271 	EXP 	window1: recordFrameIntervals = False
10.3090 	EXP 	window1: recordFrameIntervals = True
10.4925 	EXP 	Screen (0) actual frame rate measured at 59.98Hz
10.4926 	EXP 	window1: recordFrameIntervals = False
11.8401 	INFO 	keyboard.Keyboard is using iohub backend.
11.8402 	INFO 	keyboard.Keyboard is using iohub backend.
11.8402 	INFO 	keyboard.Keyboard is using iohub backend.
11.8402 	INFO 	keyboard.Keyboard is using iohub backend.
11.8402 	INFO 	keyboard.Keyboard is using iohub backend.
11.8402 	INFO 	keyboard.Keyboard is using iohub backend.
11.8402 	EXP 	go_nogo_dm: status = STARTED
11.8766 	EXP 	Created welcome_text = TextStim(__class__=<class 'psychopy.visual.text.TextStim'>, alignHoriz=method-wrapper(...), alignText='center', alignVert=method-wrapper(...), anchorHoriz='center', anchorVert='center', antialias=True, autoDraw=False, autoLog=True, bold=False, color=array([-1., -1., -1.]), colorSpace='rgb', contrast=1.0, depth=0.0, draggable=False, flipHoriz=False, flipVert=False, font='Arial', fontFiles=[], height=np.float64(40.0), italic=False, languageStyle='LTR', name='welcome_text', opacity=1, ori=0.0, pos=array([0., 0.]), rgb=UNKNOWN, text=str(...), units='pix', win=Window(...), wrapWidth=1500.0)
11.8900 	EXP 	Created image = ImageStim(__class__=<class 'psychopy.visual.image.ImageStim'>, anchor=('center', 'center'), autoLog=True, color=array([1., 1., 1.]), colorSpace='rgb', contrast=1.0, depth=0.0, draggable=False, flipHoriz=np.False_, flipVert=np.False_, image='Slide7.PNG', interpolate=True, mask=None, maskParams=None, name='image', opacity=1, ori=0.0, pos=array([0., 0.]), size=array([1536.,  864.]), texRes=128.0, units='pix', win=Window(...))
11.9005 	EXP 	Created image_2 = ImageStim(__class__=<class 'psychopy.visual.image.ImageStim'>, anchor=('center', 'center'), autoLog=True, color=array([1., 1., 1.]), colorSpace='rgb', contrast=1.0, depth=0.0, draggable=False, flipHoriz=np.False_, flipVert=np.False_, image='Slide8.PNG', interpolate=True, mask=None, maskParams=None, name='image_2', opacity=1, ori=0.0, pos=array([0., 0.]), size=array([1536.,  864.]), texRes=128.0, units='pix', win=Window(...))
11.9115 	EXP 	Created exp_start_inst = TextStim(__class__=<class 'psychopy.visual.text.TextStim'>, alignHoriz=method-wrapper(...), alignText='center', alignVert=method-wrapper(...), anchorHoriz='center', anchorVert='center', antialias=True, autoDraw=False, autoLog=True, bold=False, color=array([-1., -1., -1.]), colorSpace='rgb', contrast=1.0, depth=0.0, draggable=False, flipHoriz=False, flipVert=False, font='Arial', fontFiles=[], height=np.float64(40.0), italic=False, languageStyle='LTR', name='exp_start_inst', opacity=1, ori=0.0, pos=array([0., 0.]), rgb=UNKNOWN, text=str(...), units='pix', win=Window(...), wrapWidth=1500.0)
11.9138 	EXP 	Created fixation_cross_3 = TextStim(__class__=<class 'psychopy.visual.text.TextStim'>, alignHoriz=method-wrapper(...), alignText='center', alignVert=method-wrapper(...), anchorHoriz='center', anchorVert='center', antialias=True, autoDraw=False, autoLog=True, bold=False, color=array([-1., -1., -1.]), colorSpace='rgb', contrast=1.0, depth=0.0, draggable=False, flipHoriz=False, flipVert=False, font='Arial', fontFiles=[], height=np.float64(30.0), italic=False, languageStyle='LTR', name='fixation_cross_3', opacity=1, ori=0.0, pos=array([0., 0.]), rgb=UNKNOWN, text='+', units='pix', win=Window(...), wrapWidth=500)
11.9146 	EXP 	Created start_box = Rect(__class__=<class 'psychopy.visual.rect.Rect'>, anchor=('center', 'center'), autoDraw=False, autoLog=True, closeShape=True, color=method-wrapper(...), colorSpace='rgb', contrast=None, depth=-1.0, draggable=False, fillColor=array([-1., -1.,  1.]), fillColorSpace='rgb', fillRGB=array([-1., -1.,  1.]), interpolate=True, lineColor=array([-1., -1., -1.]), lineColorSpace='rgb', lineRGB=array([-1, -1, -1]), lineWidth=1.0, name='start_box', opacity=1, ori=0.0, pos=array([   0., -400.]), size=array([100., 100.]), units='pix', vertices=ndarray(...), win=Window(...))
11.9153 	EXP 	Created start_box_2 = Rect(__class__=<class 'psychopy.visual.rect.Rect'>, anchor=('center', 'center'), autoDraw=False, autoLog=True, closeShape=True, color=method-wrapper(...), colorSpace='rgb', contrast=None, depth=0.0, draggable=False, fillColor=array([-1, -1, -1]), fillColorSpace='rgb', fillRGB=array([-1, -1, -1]), interpolate=True, lineColor=array([-1., -1., -1.]), lineColorSpace='rgb', lineRGB=array([-1, -1, -1]), lineWidth=1.0, name='start_box_2', opacity=1, ori=0.0, pos=array([   0., -400.]), size=array([100., 100.]), units='pix', vertices=ndarray(...), win=Window(...))
11.9160 	EXP 	Created response_box = Rect(__class__=<class 'psychopy.visual.rect.Rect'>, anchor=('center', 'center'), autoDraw=False, autoLog=True, closeShape=True, color=method-wrapper(...), colorSpace='rgb', contrast=None, depth=-1.0, draggable=False, fillColor=array([1, 1, 1]), fillColorSpace='rgb', fillRGB=array([1, 1, 1]), interpolate=True, lineColor=array([-1., -1., -1.]), lineColorSpace='rgb', lineRGB=array([-1, -1, -1]), lineWidth=1.0, name='response_box', opacity=1, ori=0.0, pos=array([200., 300.]), size=array([100., 100.]), units='pix', vertices=ndarray(...), win=Window(...))
11.9167 	EXP 	Created start_box_3 = Rect(__class__=<class 'psychopy.visual.rect.Rect'>, anchor=('center', 'center'), autoDraw=False, autoLog=True, closeShape=True, color=method-wrapper(...), colorSpace='rgb', contrast=None, depth=-1.0, draggable=False, fillColor=array([-1, -1, -1]), fillColorSpace='rgb', fillRGB=array([-1, -1, -1]), interpolate=True, lineColor=array([-1., -1., -1.]), lineColorSpace='rgb', lineRGB=array([-1, -1, -1]), lineWidth=1.0, name='start_box_3', opacity=1, ori=0.0, pos=array([   0., -400.]), size=array([100., 100.]), units='pix', vertices=ndarray(...), win=Window(...))
11.9173 	EXP 	Created response_box_2 = Rect(__class__=<class 'psychopy.visual.rect.Rect'>, anchor=('center', 'center'), autoDraw=False, autoLog=True, closeShape=True, color=method-wrapper(...), colorSpace='rgb', contrast=None, depth=-2.0, draggable=False, fillColor=array([1, 1, 1]), fillColorSpace='rgb', fillRGB=array([1, 1, 1]), interpolate=True, lineColor=array([-1., -1., -1.]), lineColorSpace='rgb', lineRGB=array([-1, -1, -1]), lineWidth=1.0, name='response_box_2', opacity=1, ori=0.0, pos=array([200., 300.]), size=array([100., 100.]), units='pix', vertices=ndarray(...), win=Window(...))
11.9184 	EXP 	Created text_stimulus = TextStim(__class__=<class 'psychopy.visual.text.TextStim'>, alignHoriz=method-wrapper(...), alignText='center', alignVert=method-wrapper(...), anchorHoriz='center', anchorVert='center', antialias=True, autoDraw=False, autoLog=True, bold=False, color=array([-1., -1., -1.]), colorSpace='rgb', contrast=1.0, depth=-3.0, draggable=False, flipHoriz=False, flipVert=False, font='Arial', fontFiles=[], height=72.0, italic=False, languageStyle='LTR', name='text_stimulus', opacity=1, ori=0.0, pos=array([200., 300.]), rgb=UNKNOWN, text='', units='pix', win=Window(...), wrapWidth=500)
11.9210 	EXP 	Created blank = TextStim(__class__=<class 'psychopy.visual.text.TextStim'>, alignHoriz=method-wrapper(...), alignText='center', alignVert=method-wrapper(...), anchorHoriz='center', anchorVert='center', antialias=True, autoDraw=False, autoLog=True, bold=False, color=array([1., 1., 1.]), colorSpace='rgb', contrast=1.0, depth=-1.0, draggable=False, flipHoriz=False, flipVert=False, font='Arial', fontFiles=[], height=np.float64(1.0), italic=False, languageStyle='LTR', name='blank', opacity=1, ori=0.0, pos=array([0., 0.]), rgb=UNKNOWN, text='.', units='pix', win=Window(...), wrapWidth=500)
11.9215 	EXP 	Created block_end_text = TextStim(__class__=<class 'psychopy.visual.text.TextStim'>, alignHoriz=method-wrapper(...), alignText='center', alignVert=method-wrapper(...), anchorHoriz='center', anchorVert='center', antialias=True, autoDraw=False, autoLog=True, bold=False, color=array([-1., -1., -1.]), colorSpace='rgb', contrast=1.0, depth=-1.0, draggable=False, flipHoriz=False, flipVert=False, font='Arial', fontFiles=[], height=np.float64(40.0), italic=False, languageStyle='LTR', name='block_end_text', opacity=1, ori=0.0, pos=array([0., 0.]), rgb=UNKNOWN, text='', units='pix', win=Window(...), wrapWidth=1500.0)
0.0224 	INFO 	Keyboard events cleared
0.0223 	EXP 	welcome_text: autoDraw = True
2.3578 	EXP 	Device response: <KeyPress from None: t=2.346935749053955, value=space, duration=None>
2.3578 	EXP 	Device response: <KeyPress from None: t=2.346935749053955, value=space, duration=0.0014963150024414062>
2.3584 	DATA 	Keypress: space
18.7887 	DATA 	Mouse: Left button down, pos=(800,526)
18.9219 	DATA 	Mouse:  Left button up, pos=(800,526)
19.4388 	EXP 	Device response: <KeyPress from None: t=19.431031465530396, value=space, duration=None>
19.4388 	EXP 	Device response: <KeyPress from None: t=19.431031465530396, value=space, duration=0.0004475116729736328>
19.4392 	DATA 	Keypress: space
21.7741 	EXP 	Device response: <KeyPress from None: t=21.768800020217896, value=escape, duration=None>
21.7741 	EXP 	Device response: <KeyPress from None: t=21.768800020217896, value=escape, duration=0.0006635189056396484>
21.7743 	EXP 	go_nogo_dm: status = STOPPED
21.7744 	DATA 	Keypress: escape
21.7906 	EXP 	welcome_text: autoDraw = False
21.7906 	EXP 	go_nogo_dm: status = STOPPED
21.7914 	INFO 	saved data to '/media/Data03/Studies/Research_BEEHub/Git_repository/BEEHub/Projects/MT/paradigm/psychopy/data/774311_go_nogo_dm_2026-09-25_20h19.57.811.csv'
21.7916 	INFO 	saved data to /media/Data03/Studies/Research_BEEHub/Git_repository/BEEHub/Projects/MT/paradigm/psychopy/data/774311_go_nogo_dm_2026-09-25_20h19.57.811.psydat
