3.6428 	INFO 	Loaded monitor calibration from ['2026_01_06 15:55']
3.6594 	WARNING 	User requested fullscreen with size [1280  800], but screen is actually [1920, 1200]. Using actual size
3.9506 	INFO 	Using renderer 'NVIDIA GeForce GTX 1650/PCIe/SSE2' for graphics
3.9507 	INFO 	OpenGL version supported by driver is 4..
3.9538 	EXP 	Created window1 = Window(allowGUI=True, allowStencil=False, autoLog=True, backendConf=UNKNOWN, backgroundFit=<method-wrapper '__getattribute__' of attributeSetter object at 0x7fdea700bb90>, backgroundImage=<method-wrapper '__getattribute__' of attributeSetter object at 0x7fdea7009b50>, bitsMode=UNKNOWN, blendMode='avg', bpc=(8, 8, 8), color=array([0, 0, 0]), colorSpace='rgb', depthBits=8, fullscr=True, gamma=None, gammaErrorPolicy='raise', infoMsg=UNKNOWN, lms=UNKNOWN, monitor=<psychopy.monitors.calibTools.Monitor object at 0x7fdea4520d10>, multiSample=False, name='window1', numSamples=2, pos=[np.float64(0.0), np.float64(0.0)], screen=0, size=array([1920, 1200]), stencilBits=0, stereo=False, title='PsychoPy', units='pix', useFBO=True, useRetina=False, viewOri=0.0, viewPos=None, viewScale=None, waitBlanking=True, winType='pyglet')
3.9538 	EXP 	window1: backgroundImage = ''
3.9538 	EXP 	window1: backgroundFit = 'none'
3.9829 	EXP 	window1: Attempting to measure frame rate of screen (0) ...
3.9830 	EXP 	window1: recordFrameIntervals = False
4.1665 	EXP 	window1: recordFrameIntervals = True
4.3499 	EXP 	Screen (0) actual frame rate measured at 59.95Hz
4.3499 	EXP 	window1: recordFrameIntervals = False
5.6946 	INFO 	keyboard.Keyboard is using iohub backend.
5.6946 	INFO 	keyboard.Keyboard is using iohub backend.
5.6946 	INFO 	keyboard.Keyboard is using iohub backend.
5.6946 	INFO 	keyboard.Keyboard is using iohub backend.
5.6947 	INFO 	keyboard.Keyboard is using iohub backend.
5.6947 	INFO 	keyboard.Keyboard is using iohub backend.
5.6947 	EXP 	go_nogo_dm: status = STARTED
5.7297 	EXP 	Created welcome_text = TextStim(__class__=<class 'psychopy.visual.text.TextStim'>, alignHoriz=method-wrapper(...), alignText='center', alignVert=method-wrapper(...), anchorHoriz='center', anchorVert='center', antialias=True, autoDraw=False, autoLog=True, bold=False, color=array([-1., -1., -1.]), colorSpace='rgb', contrast=1.0, depth=0.0, draggable=False, flipHoriz=False, flipVert=False, font='Arial', fontFiles=[], height=np.float64(40.0), italic=False, languageStyle='LTR', name='welcome_text', opacity=1, ori=0.0, pos=array([0., 0.]), rgb=UNKNOWN, text=str(...), units='pix', win=Window(...), wrapWidth=1500.0)
5.7434 	EXP 	Created image = ImageStim(__class__=<class 'psychopy.visual.image.ImageStim'>, anchor=('center', 'center'), autoLog=True, color=array([1., 1., 1.]), colorSpace='rgb', contrast=1.0, depth=0.0, draggable=False, flipHoriz=np.False_, flipVert=np.False_, image='Slide7.PNG', interpolate=True, mask=None, maskParams=None, name='image', opacity=1, ori=0.0, pos=array([0., 0.]), size=array([1536.,  864.]), texRes=128.0, units='pix', win=Window(...))
5.7536 	EXP 	Created image_2 = ImageStim(__class__=<class 'psychopy.visual.image.ImageStim'>, anchor=('center', 'center'), autoLog=True, color=array([1., 1., 1.]), colorSpace='rgb', contrast=1.0, depth=0.0, draggable=False, flipHoriz=np.False_, flipVert=np.False_, image='Slide8.PNG', interpolate=True, mask=None, maskParams=None, name='image_2', opacity=1, ori=0.0, pos=array([0., 0.]), size=array([1536.,  864.]), texRes=128.0, units='pix', win=Window(...))
5.7645 	EXP 	Created exp_start_inst = TextStim(__class__=<class 'psychopy.visual.text.TextStim'>, alignHoriz=method-wrapper(...), alignText='center', alignVert=method-wrapper(...), anchorHoriz='center', anchorVert='center', antialias=True, autoDraw=False, autoLog=True, bold=False, color=array([-1., -1., -1.]), colorSpace='rgb', contrast=1.0, depth=0.0, draggable=False, flipHoriz=False, flipVert=False, font='Arial', fontFiles=[], height=np.float64(40.0), italic=False, languageStyle='LTR', name='exp_start_inst', opacity=1, ori=0.0, pos=array([0., 0.]), rgb=UNKNOWN, text=str(...), units='pix', win=Window(...), wrapWidth=1500.0)
5.7667 	EXP 	Created fixation_cross_3 = TextStim(__class__=<class 'psychopy.visual.text.TextStim'>, alignHoriz=method-wrapper(...), alignText='center', alignVert=method-wrapper(...), anchorHoriz='center', anchorVert='center', antialias=True, autoDraw=False, autoLog=True, bold=False, color=array([-1., -1., -1.]), colorSpace='rgb', contrast=1.0, depth=0.0, draggable=False, flipHoriz=False, flipVert=False, font='Arial', fontFiles=[], height=np.float64(30.0), italic=False, languageStyle='LTR', name='fixation_cross_3', opacity=1, ori=0.0, pos=array([0., 0.]), rgb=UNKNOWN, text='+', units='pix', win=Window(...), wrapWidth=500)
5.7674 	EXP 	Created start_box = Rect(__class__=<class 'psychopy.visual.rect.Rect'>, anchor=('center', 'center'), autoDraw=False, autoLog=True, closeShape=True, color=method-wrapper(...), colorSpace='rgb', contrast=None, depth=-1.0, draggable=False, fillColor=array([-1., -1.,  1.]), fillColorSpace='rgb', fillRGB=array([-1., -1.,  1.]), interpolate=True, lineColor=array([-1., -1., -1.]), lineColorSpace='rgb', lineRGB=array([-1, -1, -1]), lineWidth=1.0, name='start_box', opacity=1, ori=0.0, pos=array([   0., -400.]), size=array([100., 100.]), units='pix', vertices=ndarray(...), win=Window(...))
5.7681 	EXP 	Created start_box_2 = Rect(__class__=<class 'psychopy.visual.rect.Rect'>, anchor=('center', 'center'), autoDraw=False, autoLog=True, closeShape=True, color=method-wrapper(...), colorSpace='rgb', contrast=None, depth=0.0, draggable=False, fillColor=array([-1, -1, -1]), fillColorSpace='rgb', fillRGB=array([-1, -1, -1]), interpolate=True, lineColor=array([-1., -1., -1.]), lineColorSpace='rgb', lineRGB=array([-1, -1, -1]), lineWidth=1.0, name='start_box_2', opacity=1, ori=0.0, pos=array([   0., -400.]), size=array([100., 100.]), units='pix', vertices=ndarray(...), win=Window(...))
5.7688 	EXP 	Created response_box = Rect(__class__=<class 'psychopy.visual.rect.Rect'>, anchor=('center', 'center'), autoDraw=False, autoLog=True, closeShape=True, color=method-wrapper(...), colorSpace='rgb', contrast=None, depth=-1.0, draggable=False, fillColor=array([1, 1, 1]), fillColorSpace='rgb', fillRGB=array([1, 1, 1]), interpolate=True, lineColor=array([-1., -1., -1.]), lineColorSpace='rgb', lineRGB=array([-1, -1, -1]), lineWidth=1.0, name='response_box', opacity=1, ori=0.0, pos=array([200., 300.]), size=array([100., 100.]), units='pix', vertices=ndarray(...), win=Window(...))
5.7695 	EXP 	Created start_box_3 = Rect(__class__=<class 'psychopy.visual.rect.Rect'>, anchor=('center', 'center'), autoDraw=False, autoLog=True, closeShape=True, color=method-wrapper(...), colorSpace='rgb', contrast=None, depth=-1.0, draggable=False, fillColor=array([-1, -1, -1]), fillColorSpace='rgb', fillRGB=array([-1, -1, -1]), interpolate=True, lineColor=array([-1., -1., -1.]), lineColorSpace='rgb', lineRGB=array([-1, -1, -1]), lineWidth=1.0, name='start_box_3', opacity=1, ori=0.0, pos=array([   0., -400.]), size=array([100., 100.]), units='pix', vertices=ndarray(...), win=Window(...))
5.7702 	EXP 	Created response_box_2 = Rect(__class__=<class 'psychopy.visual.rect.Rect'>, anchor=('center', 'center'), autoDraw=False, autoLog=True, closeShape=True, color=method-wrapper(...), colorSpace='rgb', contrast=None, depth=-2.0, draggable=False, fillColor=array([1, 1, 1]), fillColorSpace='rgb', fillRGB=array([1, 1, 1]), interpolate=True, lineColor=array([-1., -1., -1.]), lineColorSpace='rgb', lineRGB=array([-1, -1, -1]), lineWidth=1.0, name='response_box_2', opacity=1, ori=0.0, pos=array([200., 300.]), size=array([100., 100.]), units='pix', vertices=ndarray(...), win=Window(...))
5.7713 	EXP 	Created text_stimulus = TextStim(__class__=<class 'psychopy.visual.text.TextStim'>, alignHoriz=method-wrapper(...), alignText='center', alignVert=method-wrapper(...), anchorHoriz='center', anchorVert='center', antialias=True, autoDraw=False, autoLog=True, bold=False, color=array([-1., -1., -1.]), colorSpace='rgb', contrast=1.0, depth=-3.0, draggable=False, flipHoriz=False, flipVert=False, font='Arial', fontFiles=[], height=72.0, italic=False, languageStyle='LTR', name='text_stimulus', opacity=1, ori=0.0, pos=array([200., 300.]), rgb=UNKNOWN, text='', units='pix', win=Window(...), wrapWidth=500)
5.7738 	EXP 	Created blank = TextStim(__class__=<class 'psychopy.visual.text.TextStim'>, alignHoriz=method-wrapper(...), alignText='center', alignVert=method-wrapper(...), anchorHoriz='center', anchorVert='center', antialias=True, autoDraw=False, autoLog=True, bold=False, color=array([1., 1., 1.]), colorSpace='rgb', contrast=1.0, depth=-1.0, draggable=False, flipHoriz=False, flipVert=False, font='Arial', fontFiles=[], height=np.float64(1.0), italic=False, languageStyle='LTR', name='blank', opacity=1, ori=0.0, pos=array([0., 0.]), rgb=UNKNOWN, text='.', units='pix', win=Window(...), wrapWidth=500)
5.7744 	EXP 	Created block_end_text = TextStim(__class__=<class 'psychopy.visual.text.TextStim'>, alignHoriz=method-wrapper(...), alignText='center', alignVert=method-wrapper(...), anchorHoriz='center', anchorVert='center', antialias=True, autoDraw=False, autoLog=True, bold=False, color=array([-1., -1., -1.]), colorSpace='rgb', contrast=1.0, depth=-1.0, draggable=False, flipHoriz=False, flipVert=False, font='Arial', fontFiles=[], height=np.float64(40.0), italic=False, languageStyle='LTR', name='block_end_text', opacity=1, ori=0.0, pos=array([0., 0.]), rgb=UNKNOWN, text='', units='pix', win=Window(...), wrapWidth=1500.0)
0.0305 	INFO 	Keyboard events cleared
0.0304 	EXP 	welcome_text: autoDraw = True
0.6978 	EXP 	Device response: <KeyPress from None: t=0.6946797370910645, value=space, duration=None>
0.6983 	DATA 	Keypress: space
0.8813 	EXP 	Device response: <KeyPress from None: t=0.6946797370910645, value=space, duration=0.18367338180541992>
0.8977 	INFO 	Keyboard events cleared
0.8975 	EXP 	welcome_text: autoDraw = False
0.8975 	EXP 	image: autoDraw = True
3.9314 	EXP 	Device response: <KeyPress from None: t=3.9266974925994873, value=space, duration=None>
3.9317 	DATA 	Keypress: space
4.0815 	EXP 	Device response: <KeyPress from None: t=3.9266974925994873, value=space, duration=0.1436631679534912>
4.0981 	INFO 	Keyboard events cleared
4.0980 	EXP 	image: autoDraw = False
4.0980 	EXP 	image_2: autoDraw = True
5.1178 	EXP 	Device response: <KeyPress from None: t=5.102662801742554, value=space, duration=None>
5.1181 	DATA 	Keypress: space
5.2680 	EXP 	Device response: <KeyPress from None: t=5.102662801742554, value=space, duration=0.15160369873046875>
5.2845 	INFO 	Keyboard events cleared
5.2844 	EXP 	image_2: autoDraw = False
5.2844 	EXP 	exp_start_inst: autoDraw = True
6.8859 	EXP 	Device response: <KeyPress from None: t=6.878688812255859, value=space, duration=None>
6.8862 	DATA 	Keypress: space
7.0027 	EXP 	Device response: <KeyPress from None: t=6.878688812255859, value=space, duration=0.1195521354675293>
7.0075 	EXP 	Imported short/block_sequence.xlsx as conditions, 17 conditions, 5 params
7.0078 	EXP 	New trial (rep=0, index=0): <Trial 0 (0 in rep 0) data={'block_type': 'go_only', 'block_number': 1, 'trials_count': 9, 'is_practice': 1, 'trials_file': 'short/go_only_short.xlsx', 'thisN': 0, 'thisTrialN': 0, 'thisRepN': 0}>
7.0348 	EXP 	Imported /media/Data03/Studies/Research_BEEHub/Git_repository/BEEHub/Projects/MT/paradigm/psychopy/data/temp_go_only_shuffled.xlsx as conditions, 9 conditions, 3 params
7.0350 	EXP 	New trial (rep=0, index=0): <Trial 0 (0 in rep 0) data={'digit': 6, 'trial_type': 'go', 'correct_response': 'click', 'thisN': 0, 'thisTrialN': 0, 'thisRepN': 0}>
7.0530 	EXP 	exp_start_inst: autoDraw = False
7.0530 	EXP 	fixation_cross_3: autoDraw = True
7.0530 	EXP 	start_box: autoDraw = True
7.0530 	EXP 	start_box: fillColor = [-1, -1, 1]
7.0530 	EXP 	start_box: fillColor = [-1, -1, 1]
7.0697 	EXP 	start_box: fillColor = [-1, -1, 1]
7.0697 	EXP 	start_box: fillColor = [-1, -1, 1]
7.0864 	EXP 	start_box: fillColor = [-1, -1, 1]
7.1030 	EXP 	start_box: fillColor = [-1, -1, 1]
7.1197 	EXP 	start_box: fillColor = [-1, -1, 1]
7.1364 	EXP 	start_box: fillColor = [-1, -1, 1]
7.1530 	EXP 	start_box: fillColor = [-1, -1, 1]
7.1697 	EXP 	start_box: fillColor = [-1, -1, 1]
7.1864 	EXP 	start_box: fillColor = [-1, -1, 1]
7.2031 	EXP 	start_box: fillColor = [-1, -1, 1]
7.2198 	EXP 	start_box: fillColor = [-1, -1, 1]
7.2364 	EXP 	start_box: fillColor = [-1, -1, 1]
7.2531 	EXP 	start_box: fillColor = [-1, -1, 1]
7.2698 	EXP 	start_box: fillColor = [-1, -1, 1]
7.2865 	EXP 	start_box: fillColor = [-1, -1, 1]
7.3032 	EXP 	start_box: fillColor = [-1, -1, 1]
7.3198 	EXP 	start_box: fillColor = [-1, -1, 1]
7.3365 	EXP 	start_box: fillColor = [-1, -1, 1]
7.3532 	EXP 	start_box: fillColor = [-1, -1, 1]
7.3699 	EXP 	start_box: fillColor = [-1, -1, 1]
7.3866 	EXP 	start_box: fillColor = [-1, -1, 1]
7.4032 	EXP 	start_box: fillColor = [-1, -1, 1]
7.4200 	EXP 	start_box: fillColor = [-1, -1, 1]
7.4366 	EXP 	start_box: fillColor = [-1, -1, 1]
7.4533 	EXP 	start_box: fillColor = [-1, -1, 1]
7.4700 	EXP 	start_box: fillColor = [-1, -1, 1]
7.4867 	EXP 	start_box: fillColor = [-1, -1, 1]
7.5033 	EXP 	start_box: fillColor = [-1, -1, 1]
7.5200 	EXP 	start_box: fillColor = [-1, -1, 1]
7.5367 	EXP 	start_box: fillColor = [-1, -1, 1]
7.5534 	EXP 	fixation_cross_3: autoDraw = False
7.5534 	EXP 	start_box: fillColor = [-1, -1, 1]
7.5701 	EXP 	start_box: fillColor = [-1, -1, 1]
7.5867 	EXP 	start_box: fillColor = [-1, -1, 1]
7.6034 	EXP 	start_box: fillColor = [-1, -1, 1]
7.6201 	EXP 	start_box: fillColor = [-1, -1, 1]
7.6368 	EXP 	start_box: fillColor = [-1, -1, 1]
7.6534 	EXP 	start_box: fillColor = [-1, -1, 1]
7.6701 	EXP 	start_box: fillColor = [-1, -1, 1]
7.6869 	EXP 	start_box: fillColor = [-1, -1, 1]
7.7035 	EXP 	start_box: fillColor = [-1, -1, 1]
7.7202 	EXP 	start_box: fillColor = [-1, -1, 1]
7.7369 	EXP 	start_box: fillColor = [-1, -1, 1]
7.7535 	EXP 	start_box: fillColor = [-1, -1, 1]
7.7702 	EXP 	start_box: fillColor = [-1, -1, 1]
7.7869 	EXP 	start_box: fillColor = [-1, -1, 1]
7.8036 	EXP 	start_box: fillColor = [-1, -1, 1]
7.8203 	EXP 	start_box: fillColor = [-1, -1, 1]
7.8370 	EXP 	start_box: fillColor = [-1, -1, 1]
7.8536 	EXP 	start_box: fillColor = [-1, -1, 1]
7.8703 	EXP 	start_box: fillColor = [-1, -1, 1]
8.2707 	DATA 	Mouse: Left button down, pos=(946,223)
8.3874 	EXP 	start_box: fillColor = [-1, -1, -1]
8.3874 	EXP 	fixation_cross_3: autoDraw = False
8.3874 	EXP 	start_box: autoDraw = False
8.3874 	EXP 	start_box_2: autoDraw = True
8.3874 	EXP 	response_box: autoDraw = True
8.4208 	DATA 	Mouse:  Left button up, pos=(947,223)
8.7742 	EXP 	start_box_2: autoDraw = False
8.7742 	EXP 	response_box: autoDraw = False
8.7742 	EXP 	text_stimulus: height = np.float64(72.0)
8.7742 	EXP 	text_stimulus: height = np.float64(72.0)
8.7742 	EXP 	text_stimulus: height = np.float64(72.0)
8.7742 	EXP 	text_stimulus: text = '6'
8.7742 	EXP 	text_stimulus: height = np.float64(72.0)
8.7742 	EXP 	text_stimulus: height = np.float64(72.0)
8.7742 	EXP 	text_stimulus: height = np.float64(72.0)
8.7742 	EXP 	text_stimulus: text = 6
8.7742 	EXP 	start_box_3: autoDraw = True
8.7742 	EXP 	response_box_2: autoDraw = True
8.7742 	EXP 	text_stimulus: autoDraw = True
10.2890 	EXP 	start_box_3: autoDraw = False
10.2890 	EXP 	response_box_2: autoDraw = False
10.2890 	EXP 	text_stimulus: autoDraw = False
10.2890 	EXP 	blank: autoDraw = True
10.9896 	EXP 	blank: autoDraw = False
11.2747 	EXP 	New trial (rep=0, index=1): <Trial 1 (1 in rep 0) data={'digit': 2, 'trial_type': 'go', 'correct_response': 'click', 'thisN': 1, 'thisTrialN': 1, 'thisRepN': 0}>
11.2899 	EXP 	blank: autoDraw = False
11.2899 	EXP 	fixation_cross_3: autoDraw = True
11.2899 	EXP 	start_box: autoDraw = True
11.2899 	EXP 	start_box: fillColor = [-1, -1, 1]
11.2899 	EXP 	start_box: fillColor = [-1, -1, 1]
11.3066 	EXP 	start_box: fillColor = [-1, -1, 1]
11.3066 	EXP 	start_box: fillColor = [-1, -1, 1]
11.3232 	EXP 	start_box: fillColor = [-1, -1, 1]
11.3399 	EXP 	start_box: fillColor = [-1, -1, 1]
11.3566 	EXP 	start_box: fillColor = [-1, -1, 1]
11.3733 	EXP 	start_box: fillColor = [-1, -1, 1]
11.3899 	EXP 	start_box: fillColor = [-1, -1, 1]
11.4066 	EXP 	start_box: fillColor = [-1, -1, 1]
11.4233 	EXP 	start_box: fillColor = [-1, -1, 1]
11.4400 	EXP 	start_box: fillColor = [-1, -1, 1]
11.4567 	EXP 	start_box: fillColor = [-1, -1, 1]
11.4733 	EXP 	start_box: fillColor = [-1, -1, 1]
11.4900 	EXP 	start_box: fillColor = [-1, -1, 1]
11.5067 	EXP 	start_box: fillColor = [-1, -1, 1]
11.5234 	EXP 	start_box: fillColor = [-1, -1, 1]
11.5401 	EXP 	start_box: fillColor = [-1, -1, 1]
11.5568 	EXP 	start_box: fillColor = [-1, -1, 1]
11.5734 	EXP 	start_box: fillColor = [-1, -1, 1]
11.5901 	EXP 	start_box: fillColor = [-1, -1, 1]
11.6068 	EXP 	start_box: fillColor = [-1, -1, 1]
11.6235 	EXP 	start_box: fillColor = [-1, -1, 1]
11.6402 	EXP 	start_box: fillColor = [-1, -1, 1]
11.6569 	EXP 	start_box: fillColor = [-1, -1, 1]
11.6735 	EXP 	start_box: fillColor = [-1, -1, 1]
11.6902 	EXP 	start_box: fillColor = [-1, -1, 1]
11.7069 	EXP 	start_box: fillColor = [-1, -1, 1]
11.7236 	EXP 	start_box: fillColor = [-1, -1, 1]
11.7402 	EXP 	start_box: fillColor = [-1, -1, 1]
11.7569 	EXP 	start_box: fillColor = [-1, -1, 1]
11.7736 	EXP 	start_box: fillColor = [-1, -1, 1]
11.7903 	EXP 	fixation_cross_3: autoDraw = False
11.7903 	EXP 	start_box: fillColor = [-1, -1, 1]
11.8070 	EXP 	start_box: fillColor = [-1, -1, 1]
11.8237 	EXP 	start_box: fillColor = [-1, -1, 1]
12.3407 	EXP 	start_box: fillColor = [-1, -1, -1]
12.3407 	EXP 	fixation_cross_3: autoDraw = False
12.3407 	EXP 	start_box: autoDraw = False
12.3407 	EXP 	start_box_2: autoDraw = True
12.3407 	EXP 	response_box: autoDraw = True
12.6911 	DATA 	Mouse: Left button down, pos=(975,209)
12.8913 	DATA 	Mouse:  Left button up, pos=(975,209)
13.2781 	EXP 	start_box_2: autoDraw = False
13.2781 	EXP 	response_box: autoDraw = False
13.2781 	EXP 	text_stimulus: height = np.float64(72.0)
13.2781 	EXP 	text_stimulus: height = np.float64(72.0)
13.2781 	EXP 	text_stimulus: height = np.float64(72.0)
13.2781 	EXP 	text_stimulus: text = '2'
13.2781 	EXP 	text_stimulus: height = np.float64(72.0)
13.2781 	EXP 	text_stimulus: height = np.float64(72.0)
13.2781 	EXP 	text_stimulus: height = np.float64(72.0)
13.2781 	EXP 	text_stimulus: text = 2
13.2781 	EXP 	start_box_3: autoDraw = True
13.2781 	EXP 	response_box_2: autoDraw = True
13.2781 	EXP 	text_stimulus: autoDraw = True
14.7928 	EXP 	start_box_3: autoDraw = False
14.7928 	EXP 	response_box_2: autoDraw = False
14.7928 	EXP 	text_stimulus: autoDraw = False
14.7928 	EXP 	blank: autoDraw = True
15.5935 	EXP 	blank: autoDraw = False
15.7784 	EXP 	New trial (rep=0, index=2): <Trial 2 (2 in rep 0) data={'digit': 4, 'trial_type': 'go', 'correct_response': 'click', 'thisN': 2, 'thisTrialN': 2, 'thisRepN': 0}>
15.7937 	EXP 	blank: autoDraw = False
15.7937 	EXP 	fixation_cross_3: autoDraw = True
15.7937 	EXP 	start_box: autoDraw = True
15.7937 	EXP 	start_box: fillColor = [-1, -1, 1]
15.7937 	EXP 	start_box: fillColor = [-1, -1, 1]
15.8103 	EXP 	start_box: fillColor = [-1, -1, 1]
15.8103 	EXP 	start_box: fillColor = [-1, -1, 1]
15.8270 	EXP 	start_box: fillColor = [-1, -1, 1]
15.8437 	EXP 	start_box: fillColor = [-1, -1, 1]
15.8604 	EXP 	start_box: fillColor = [-1, -1, 1]
15.8771 	EXP 	start_box: fillColor = [-1, -1, 1]
15.8937 	EXP 	start_box: fillColor = [-1, -1, 1]
15.9104 	EXP 	start_box: fillColor = [-1, -1, 1]
15.9271 	EXP 	start_box: fillColor = [-1, -1, 1]
15.9438 	EXP 	start_box: fillColor = [-1, -1, 1]
15.9605 	EXP 	start_box: fillColor = [-1, -1, 1]
15.9771 	EXP 	start_box: fillColor = [-1, -1, 1]
15.9938 	EXP 	start_box: fillColor = [-1, -1, 1]
16.0105 	EXP 	start_box: fillColor = [-1, -1, 1]
16.0272 	EXP 	start_box: fillColor = [-1, -1, 1]
16.0438 	EXP 	start_box: fillColor = [-1, -1, 1]
16.0606 	EXP 	start_box: fillColor = [-1, -1, 1]
16.0772 	EXP 	start_box: fillColor = [-1, -1, 1]
16.0939 	EXP 	start_box: fillColor = [-1, -1, 1]
16.1106 	EXP 	start_box: fillColor = [-1, -1, 1]
16.1273 	EXP 	start_box: fillColor = [-1, -1, 1]
16.1440 	EXP 	start_box: fillColor = [-1, -1, 1]
16.1607 	EXP 	start_box: fillColor = [-1, -1, 1]
16.1773 	EXP 	start_box: fillColor = [-1, -1, 1]
16.1940 	EXP 	start_box: fillColor = [-1, -1, 1]
16.2107 	EXP 	start_box: fillColor = [-1, -1, 1]
16.2274 	EXP 	start_box: fillColor = [-1, -1, 1]
16.2440 	EXP 	start_box: fillColor = [-1, -1, 1]
16.2608 	EXP 	start_box: fillColor = [-1, -1, 1]
16.2774 	EXP 	start_box: fillColor = [-1, -1, 1]
16.2941 	EXP 	fixation_cross_3: autoDraw = False
16.2941 	EXP 	start_box: fillColor = [-1, -1, 1]
16.3108 	EXP 	start_box: fillColor = [-1, -1, 1]
16.3275 	EXP 	start_box: fillColor = [-1, -1, 1]
16.3441 	EXP 	start_box: fillColor = [-1, -1, 1]
16.3608 	EXP 	start_box: fillColor = [-1, -1, 1]
16.3775 	EXP 	start_box: fillColor = [-1, -1, 1]
16.3942 	EXP 	start_box: fillColor = [-1, -1, 1]
16.4109 	EXP 	start_box: fillColor = [-1, -1, 1]
16.4276 	EXP 	start_box: fillColor = [-1, -1, 1]
16.4442 	EXP 	start_box: fillColor = [-1, -1, 1]
16.4609 	EXP 	start_box: fillColor = [-1, -1, 1]
16.4776 	EXP 	start_box: fillColor = [-1, -1, 1]
16.4942 	EXP 	start_box: fillColor = [-1, -1, 1]
16.5109 	EXP 	start_box: fillColor = [-1, -1, 1]
16.5276 	EXP 	start_box: fillColor = [-1, -1, 1]
16.5443 	EXP 	start_box: fillColor = [-1, -1, 1]
16.5610 	EXP 	start_box: fillColor = [-1, -1, 1]
16.5777 	EXP 	start_box: fillColor = [-1, -1, 1]
16.5943 	EXP 	start_box: fillColor = [-1, -1, 1]
16.6110 	EXP 	start_box: fillColor = [-1, -1, 1]
16.6277 	EXP 	start_box: fillColor = [-1, -1, 1]
16.6444 	EXP 	start_box: fillColor = [-1, -1, 1]
16.6611 	EXP 	start_box: fillColor = [-1, -1, 1]
16.6777 	EXP 	start_box: fillColor = [-1, -1, 1]
16.6944 	EXP 	start_box: fillColor = [-1, -1, 1]
16.7111 	EXP 	start_box: fillColor = [-1, -1, 1]
16.7278 	EXP 	start_box: fillColor = [-1, -1, 1]
16.7445 	EXP 	start_box: fillColor = [-1, -1, 1]
16.7611 	EXP 	start_box: fillColor = [-1, -1, 1]
16.7778 	EXP 	start_box: fillColor = [-1, -1, 1]
16.7945 	EXP 	start_box: fillColor = [-1, -1, 1]
16.8112 	EXP 	start_box: fillColor = [-1, -1, 1]
16.8279 	EXP 	start_box: fillColor = [-1, -1, 1]
16.8446 	EXP 	start_box: fillColor = [-1, -1, 1]
16.8612 	EXP 	start_box: fillColor = [-1, -1, 1]
16.8779 	EXP 	start_box: fillColor = [-1, -1, 1]
16.8946 	EXP 	start_box: fillColor = [-1, -1, 1]
16.9113 	EXP 	start_box: fillColor = [-1, -1, 1]
16.9280 	EXP 	start_box: fillColor = [-1, -1, 1]
16.9447 	EXP 	start_box: fillColor = [-1, -1, 1]
16.9613 	EXP 	start_box: fillColor = [-1, -1, 1]
16.9780 	EXP 	start_box: fillColor = [-1, -1, 1]
16.9947 	EXP 	start_box: fillColor = [-1, -1, 1]
17.0114 	EXP 	start_box: fillColor = [-1, -1, 1]
17.0280 	EXP 	start_box: fillColor = [-1, -1, 1]
17.0447 	EXP 	start_box: fillColor = [-1, -1, 1]
17.0614 	EXP 	start_box: fillColor = [-1, -1, 1]
17.0781 	EXP 	start_box: fillColor = [-1, -1, 1]
17.0948 	EXP 	start_box: fillColor = [-1, -1, 1]
17.1115 	EXP 	start_box: fillColor = [-1, -1, 1]
17.2950 	DATA 	Mouse: Left button down, pos=(931,221)
17.4785 	DATA 	Mouse:  Left button up, pos=(932,221)
17.6285 	EXP 	start_box: fillColor = [-1, -1, -1]
17.6285 	EXP 	fixation_cross_3: autoDraw = False
17.6285 	EXP 	start_box: autoDraw = False
17.6285 	EXP 	start_box_2: autoDraw = True
17.6285 	EXP 	response_box: autoDraw = True
18.0654 	EXP 	start_box_2: autoDraw = False
18.0654 	EXP 	response_box: autoDraw = False
18.0654 	EXP 	text_stimulus: height = np.float64(72.0)
18.0654 	EXP 	text_stimulus: height = np.float64(72.0)
18.0654 	EXP 	text_stimulus: height = np.float64(72.0)
18.0654 	EXP 	text_stimulus: text = '4'
18.0654 	EXP 	text_stimulus: height = np.float64(72.0)
18.0654 	EXP 	text_stimulus: height = np.float64(72.0)
18.0654 	EXP 	text_stimulus: height = np.float64(72.0)
18.0654 	EXP 	text_stimulus: text = 4
18.0654 	EXP 	start_box_3: autoDraw = True
18.0654 	EXP 	response_box_2: autoDraw = True
18.0654 	EXP 	text_stimulus: autoDraw = True
18.6127 	DATA 	Mouse: Left button down, pos=(1150,881)
18.6294 	EXP 	start_box_3: autoDraw = False
18.6294 	EXP 	response_box_2: autoDraw = False
18.6294 	EXP 	text_stimulus: autoDraw = False
18.6294 	EXP 	blank: autoDraw = True
18.7629 	DATA 	Mouse:  Left button up, pos=(1150,881)
19.2299 	EXP 	blank: autoDraw = False
19.6148 	EXP 	New trial (rep=0, index=3): <Trial 3 (3 in rep 0) data={'digit': 3, 'trial_type': 'go', 'correct_response': 'click', 'thisN': 3, 'thisTrialN': 3, 'thisRepN': 0}>
19.6302 	EXP 	blank: autoDraw = False
19.6302 	EXP 	fixation_cross_3: autoDraw = True
19.6302 	EXP 	start_box: autoDraw = True
19.6302 	EXP 	start_box: fillColor = [-1, -1, 1]
19.6302 	EXP 	start_box: fillColor = [-1, -1, 1]
19.6469 	EXP 	start_box: fillColor = [-1, -1, 1]
19.6469 	EXP 	start_box: fillColor = [-1, -1, 1]
19.6636 	EXP 	start_box: fillColor = [-1, -1, 1]
19.6802 	EXP 	start_box: fillColor = [-1, -1, 1]
19.6969 	EXP 	start_box: fillColor = [-1, -1, 1]
19.7136 	EXP 	start_box: fillColor = [-1, -1, 1]
19.7303 	EXP 	start_box: fillColor = [-1, -1, 1]
19.7470 	EXP 	start_box: fillColor = [-1, -1, 1]
19.7637 	EXP 	start_box: fillColor = [-1, -1, 1]
19.7803 	EXP 	start_box: fillColor = [-1, -1, 1]
19.7970 	EXP 	start_box: fillColor = [-1, -1, 1]
19.8137 	EXP 	start_box: fillColor = [-1, -1, 1]
19.8304 	EXP 	start_box: fillColor = [-1, -1, 1]
19.8471 	EXP 	start_box: fillColor = [-1, -1, 1]
19.8637 	EXP 	start_box: fillColor = [-1, -1, 1]
19.8804 	EXP 	start_box: fillColor = [-1, -1, 1]
19.8971 	EXP 	start_box: fillColor = [-1, -1, 1]
19.9138 	EXP 	start_box: fillColor = [-1, -1, 1]
19.9305 	EXP 	start_box: fillColor = [-1, -1, 1]
19.9472 	EXP 	start_box: fillColor = [-1, -1, 1]
19.9638 	EXP 	start_box: fillColor = [-1, -1, 1]
19.9805 	EXP 	start_box: fillColor = [-1, -1, 1]
19.9972 	EXP 	start_box: fillColor = [-1, -1, 1]
20.0139 	EXP 	start_box: fillColor = [-1, -1, 1]
20.0306 	EXP 	start_box: fillColor = [-1, -1, 1]
20.0472 	EXP 	start_box: fillColor = [-1, -1, 1]
20.0639 	EXP 	start_box: fillColor = [-1, -1, 1]
20.0806 	EXP 	start_box: fillColor = [-1, -1, 1]
20.0973 	EXP 	start_box: fillColor = [-1, -1, 1]
20.1140 	EXP 	start_box: fillColor = [-1, -1, 1]
20.1306 	EXP 	fixation_cross_3: autoDraw = False
20.1306 	EXP 	start_box: fillColor = [-1, -1, 1]
20.1473 	EXP 	start_box: fillColor = [-1, -1, 1]
20.1640 	EXP 	start_box: fillColor = [-1, -1, 1]
20.1807 	EXP 	start_box: fillColor = [-1, -1, 1]
20.1973 	EXP 	start_box: fillColor = [-1, -1, 1]
20.2140 	EXP 	start_box: fillColor = [-1, -1, 1]
20.2307 	EXP 	start_box: fillColor = [-1, -1, 1]
20.2474 	EXP 	start_box: fillColor = [-1, -1, 1]
20.2641 	EXP 	start_box: fillColor = [-1, -1, 1]
20.2808 	EXP 	start_box: fillColor = [-1, -1, 1]
20.2975 	EXP 	start_box: fillColor = [-1, -1, 1]
20.3142 	EXP 	start_box: fillColor = [-1, -1, 1]
20.3308 	EXP 	start_box: fillColor = [-1, -1, 1]
20.3475 	EXP 	start_box: fillColor = [-1, -1, 1]
20.3642 	EXP 	start_box: fillColor = [-1, -1, 1]
20.3809 	EXP 	start_box: fillColor = [-1, -1, 1]
20.3975 	EXP 	start_box: fillColor = [-1, -1, 1]
20.4142 	EXP 	start_box: fillColor = [-1, -1, 1]
20.4309 	EXP 	start_box: fillColor = [-1, -1, 1]
20.4476 	EXP 	start_box: fillColor = [-1, -1, 1]
20.4643 	EXP 	start_box: fillColor = [-1, -1, 1]
20.4809 	EXP 	start_box: fillColor = [-1, -1, 1]
20.4976 	EXP 	start_box: fillColor = [-1, -1, 1]
20.5143 	EXP 	start_box: fillColor = [-1, -1, 1]
20.5310 	EXP 	start_box: fillColor = [-1, -1, 1]
20.5476 	EXP 	start_box: fillColor = [-1, -1, 1]
20.5643 	EXP 	start_box: fillColor = [-1, -1, 1]
20.5810 	EXP 	start_box: fillColor = [-1, -1, 1]
20.7480 	DATA 	Mouse: Left button down, pos=(968,198)
20.9147 	DATA 	Mouse:  Left button up, pos=(968,198)
21.0981 	EXP 	start_box: fillColor = [-1, -1, -1]
21.0981 	EXP 	fixation_cross_3: autoDraw = False
21.0981 	EXP 	start_box: autoDraw = False
21.0981 	EXP 	start_box_2: autoDraw = True
21.0981 	EXP 	response_box: autoDraw = True
21.2681 	EXP 	start_box_2: autoDraw = False
21.2681 	EXP 	response_box: autoDraw = False
21.2681 	EXP 	text_stimulus: height = np.float64(72.0)
21.2681 	EXP 	text_stimulus: height = np.float64(72.0)
21.2681 	EXP 	text_stimulus: height = np.float64(72.0)
21.2681 	EXP 	text_stimulus: text = '3'
21.2681 	EXP 	text_stimulus: height = np.float64(72.0)
21.2681 	EXP 	text_stimulus: height = np.float64(72.0)
21.2681 	EXP 	text_stimulus: height = np.float64(72.0)
21.2681 	EXP 	text_stimulus: text = 3
21.2681 	EXP 	start_box_3: autoDraw = True
21.2681 	EXP 	response_box_2: autoDraw = True
21.2681 	EXP 	text_stimulus: autoDraw = True
21.7488 	DATA 	Mouse: Left button down, pos=(1165,923)
21.7653 	EXP 	start_box_3: autoDraw = False
21.7653 	EXP 	response_box_2: autoDraw = False
21.7653 	EXP 	text_stimulus: autoDraw = False
21.7653 	EXP 	blank: autoDraw = True
21.9155 	DATA 	Mouse:  Left button up, pos=(1165,923)
22.3658 	EXP 	blank: autoDraw = False
22.7512 	EXP 	New trial (rep=0, index=4): <Trial 4 (4 in rep 0) data={'digit': 2, 'trial_type': 'go', 'correct_response': 'click', 'thisN': 4, 'thisTrialN': 4, 'thisRepN': 0}>
22.7662 	EXP 	blank: autoDraw = False
22.7662 	EXP 	fixation_cross_3: autoDraw = True
22.7662 	EXP 	start_box: autoDraw = True
22.7662 	EXP 	start_box: fillColor = [-1, -1, 1]
22.7662 	EXP 	start_box: fillColor = [-1, -1, 1]
22.7829 	EXP 	start_box: fillColor = [-1, -1, 1]
22.7829 	EXP 	start_box: fillColor = [-1, -1, 1]
22.7995 	EXP 	start_box: fillColor = [-1, -1, 1]
22.8162 	EXP 	start_box: fillColor = [-1, -1, 1]
22.8329 	EXP 	start_box: fillColor = [-1, -1, 1]
22.8496 	EXP 	start_box: fillColor = [-1, -1, 1]
22.8663 	EXP 	start_box: fillColor = [-1, -1, 1]
22.8830 	EXP 	start_box: fillColor = [-1, -1, 1]
22.8996 	EXP 	start_box: fillColor = [-1, -1, 1]
22.9164 	EXP 	start_box: fillColor = [-1, -1, 1]
22.9330 	EXP 	start_box: fillColor = [-1, -1, 1]
22.9497 	EXP 	start_box: fillColor = [-1, -1, 1]
22.9664 	EXP 	start_box: fillColor = [-1, -1, 1]
22.9830 	EXP 	start_box: fillColor = [-1, -1, 1]
22.9997 	EXP 	start_box: fillColor = [-1, -1, 1]
23.0164 	EXP 	start_box: fillColor = [-1, -1, 1]
23.0331 	EXP 	start_box: fillColor = [-1, -1, 1]
23.0498 	EXP 	start_box: fillColor = [-1, -1, 1]
23.0664 	EXP 	start_box: fillColor = [-1, -1, 1]
23.0831 	EXP 	start_box: fillColor = [-1, -1, 1]
23.0998 	EXP 	start_box: fillColor = [-1, -1, 1]
23.1165 	EXP 	start_box: fillColor = [-1, -1, 1]
23.1332 	EXP 	start_box: fillColor = [-1, -1, 1]
23.1498 	EXP 	start_box: fillColor = [-1, -1, 1]
23.1665 	EXP 	start_box: fillColor = [-1, -1, 1]
23.1832 	EXP 	start_box: fillColor = [-1, -1, 1]
23.1999 	EXP 	start_box: fillColor = [-1, -1, 1]
23.2166 	EXP 	start_box: fillColor = [-1, -1, 1]
23.2332 	EXP 	start_box: fillColor = [-1, -1, 1]
23.2499 	EXP 	start_box: fillColor = [-1, -1, 1]
23.2666 	EXP 	fixation_cross_3: autoDraw = False
23.2666 	EXP 	start_box: fillColor = [-1, -1, 1]
23.4668 	DATA 	Mouse: Left button down, pos=(959,210)
23.6503 	DATA 	Mouse:  Left button up, pos=(959,210)
23.7837 	EXP 	start_box: fillColor = [-1, -1, -1]
23.7837 	EXP 	fixation_cross_3: autoDraw = False
23.7837 	EXP 	start_box: autoDraw = False
23.7837 	EXP 	start_box_2: autoDraw = True
23.7837 	EXP 	response_box: autoDraw = True
24.0538 	EXP 	start_box_2: autoDraw = False
24.0538 	EXP 	response_box: autoDraw = False
24.0538 	EXP 	text_stimulus: height = np.float64(72.0)
24.0538 	EXP 	text_stimulus: height = np.float64(72.0)
24.0538 	EXP 	text_stimulus: height = np.float64(72.0)
24.0538 	EXP 	text_stimulus: text = '2'
24.0538 	EXP 	text_stimulus: height = np.float64(72.0)
24.0538 	EXP 	text_stimulus: height = np.float64(72.0)
24.0538 	EXP 	text_stimulus: height = np.float64(72.0)
24.0538 	EXP 	text_stimulus: text = 2
24.0538 	EXP 	start_box_3: autoDraw = True
24.0538 	EXP 	response_box_2: autoDraw = True
24.0538 	EXP 	text_stimulus: autoDraw = True
25.3851 	DATA 	Mouse: Left button down, pos=(1187,912)
25.4017 	EXP 	start_box_3: autoDraw = False
25.4017 	EXP 	response_box_2: autoDraw = False
25.4017 	EXP 	text_stimulus: autoDraw = False
25.4017 	EXP 	blank: autoDraw = True
25.5352 	DATA 	Mouse:  Left button up, pos=(1187,911)
26.1023 	EXP 	blank: autoDraw = False
26.3873 	EXP 	New trial (rep=0, index=5): <Trial 5 (5 in rep 0) data={'digit': 7, 'trial_type': 'go', 'correct_response': 'click', 'thisN': 5, 'thisTrialN': 5, 'thisRepN': 0}>
26.4026 	EXP 	blank: autoDraw = False
26.4026 	EXP 	fixation_cross_3: autoDraw = True
26.4026 	EXP 	start_box: autoDraw = True
26.4026 	EXP 	start_box: fillColor = [-1, -1, 1]
26.4026 	EXP 	start_box: fillColor = [-1, -1, 1]
26.4193 	EXP 	start_box: fillColor = [-1, -1, 1]
26.4193 	EXP 	start_box: fillColor = [-1, -1, 1]
26.4360 	EXP 	start_box: fillColor = [-1, -1, 1]
26.4526 	EXP 	start_box: fillColor = [-1, -1, 1]
26.4693 	EXP 	start_box: fillColor = [-1, -1, 1]
26.4860 	EXP 	start_box: fillColor = [-1, -1, 1]
26.5027 	EXP 	start_box: fillColor = [-1, -1, 1]
26.5194 	EXP 	start_box: fillColor = [-1, -1, 1]
26.5360 	EXP 	start_box: fillColor = [-1, -1, 1]
26.5527 	EXP 	start_box: fillColor = [-1, -1, 1]
26.5694 	EXP 	start_box: fillColor = [-1, -1, 1]
26.5861 	EXP 	start_box: fillColor = [-1, -1, 1]
26.6028 	EXP 	start_box: fillColor = [-1, -1, 1]
26.6194 	EXP 	start_box: fillColor = [-1, -1, 1]
26.6361 	EXP 	start_box: fillColor = [-1, -1, 1]
26.6528 	EXP 	start_box: fillColor = [-1, -1, 1]
26.6695 	EXP 	start_box: fillColor = [-1, -1, 1]
26.6862 	EXP 	start_box: fillColor = [-1, -1, 1]
26.7028 	EXP 	start_box: fillColor = [-1, -1, 1]
26.7195 	EXP 	start_box: fillColor = [-1, -1, 1]
26.7362 	EXP 	start_box: fillColor = [-1, -1, 1]
26.7529 	EXP 	start_box: fillColor = [-1, -1, 1]
26.7695 	EXP 	start_box: fillColor = [-1, -1, 1]
26.7862 	EXP 	start_box: fillColor = [-1, -1, 1]
26.8029 	EXP 	start_box: fillColor = [-1, -1, 1]
26.8196 	EXP 	start_box: fillColor = [-1, -1, 1]
26.8363 	EXP 	start_box: fillColor = [-1, -1, 1]
26.8530 	EXP 	start_box: fillColor = [-1, -1, 1]
26.8696 	EXP 	start_box: fillColor = [-1, -1, 1]
26.8863 	EXP 	start_box: fillColor = [-1, -1, 1]
26.9030 	EXP 	fixation_cross_3: autoDraw = False
26.9030 	EXP 	start_box: fillColor = [-1, -1, 1]
26.9197 	EXP 	start_box: fillColor = [-1, -1, 1]
26.9364 	EXP 	start_box: fillColor = [-1, -1, 1]
26.9531 	EXP 	start_box: fillColor = [-1, -1, 1]
26.9697 	EXP 	start_box: fillColor = [-1, -1, 1]
26.9864 	EXP 	start_box: fillColor = [-1, -1, 1]
27.0031 	EXP 	start_box: fillColor = [-1, -1, 1]
27.0198 	EXP 	start_box: fillColor = [-1, -1, 1]
27.0364 	EXP 	start_box: fillColor = [-1, -1, 1]
27.0531 	EXP 	start_box: fillColor = [-1, -1, 1]
27.0698 	EXP 	start_box: fillColor = [-1, -1, 1]
27.0865 	EXP 	start_box: fillColor = [-1, -1, 1]
27.2700 	DATA 	Mouse: Left button down, pos=(952,212)
27.4535 	DATA 	Mouse:  Left button up, pos=(952,212)
27.6036 	EXP 	start_box: fillColor = [-1, -1, -1]
27.6036 	EXP 	fixation_cross_3: autoDraw = False
27.6036 	EXP 	start_box: autoDraw = False
27.6036 	EXP 	start_box_2: autoDraw = True
27.6036 	EXP 	response_box: autoDraw = True
27.7570 	EXP 	start_box_2: autoDraw = False
27.7570 	EXP 	response_box: autoDraw = False
27.7570 	EXP 	text_stimulus: height = np.float64(72.0)
27.7570 	EXP 	text_stimulus: height = np.float64(72.0)
27.7570 	EXP 	text_stimulus: height = np.float64(72.0)
27.7570 	EXP 	text_stimulus: text = '7'
27.7570 	EXP 	text_stimulus: height = np.float64(72.0)
27.7570 	EXP 	text_stimulus: height = np.float64(72.0)
27.7570 	EXP 	text_stimulus: height = np.float64(72.0)
27.7570 	EXP 	text_stimulus: text = 7
27.7570 	EXP 	start_box_3: autoDraw = True
27.7570 	EXP 	response_box_2: autoDraw = True
27.7570 	EXP 	text_stimulus: autoDraw = True
28.4210 	DATA 	Mouse: Left button down, pos=(1165,881)
28.4376 	EXP 	start_box_3: autoDraw = False
28.4376 	EXP 	response_box_2: autoDraw = False
28.4376 	EXP 	text_stimulus: autoDraw = False
28.4376 	EXP 	blank: autoDraw = True
28.6045 	DATA 	Mouse:  Left button up, pos=(1165,881)
29.4233 	EXP 	New trial (rep=0, index=6): <Trial 6 (6 in rep 0) data={'digit': 4, 'trial_type': 'go', 'correct_response': 'click', 'thisN': 6, 'thisTrialN': 6, 'thisRepN': 0}>
29.4385 	EXP 	blank: autoDraw = False
29.4385 	EXP 	blank: autoDraw = False
29.4385 	EXP 	fixation_cross_3: autoDraw = True
29.4385 	EXP 	start_box: autoDraw = True
29.4385 	EXP 	start_box: fillColor = [-1, -1, 1]
29.4385 	EXP 	start_box: fillColor = [-1, -1, 1]
29.4552 	EXP 	start_box: fillColor = [-1, -1, 1]
29.4552 	EXP 	start_box: fillColor = [-1, -1, 1]
29.4718 	EXP 	start_box: fillColor = [-1, -1, 1]
29.4885 	EXP 	start_box: fillColor = [-1, -1, 1]
29.5052 	EXP 	start_box: fillColor = [-1, -1, 1]
29.5219 	EXP 	start_box: fillColor = [-1, -1, 1]
29.5386 	EXP 	start_box: fillColor = [-1, -1, 1]
29.5553 	EXP 	start_box: fillColor = [-1, -1, 1]
29.5719 	EXP 	start_box: fillColor = [-1, -1, 1]
29.5886 	EXP 	start_box: fillColor = [-1, -1, 1]
29.6053 	EXP 	start_box: fillColor = [-1, -1, 1]
29.6220 	EXP 	start_box: fillColor = [-1, -1, 1]
29.6387 	EXP 	start_box: fillColor = [-1, -1, 1]
29.6553 	EXP 	start_box: fillColor = [-1, -1, 1]
29.6720 	EXP 	start_box: fillColor = [-1, -1, 1]
29.6887 	EXP 	start_box: fillColor = [-1, -1, 1]
29.7054 	EXP 	start_box: fillColor = [-1, -1, 1]
29.7220 	EXP 	start_box: fillColor = [-1, -1, 1]
29.7388 	EXP 	start_box: fillColor = [-1, -1, 1]
29.7554 	EXP 	start_box: fillColor = [-1, -1, 1]
29.7721 	EXP 	start_box: fillColor = [-1, -1, 1]
29.7888 	EXP 	start_box: fillColor = [-1, -1, 1]
29.8054 	EXP 	start_box: fillColor = [-1, -1, 1]
29.8221 	EXP 	start_box: fillColor = [-1, -1, 1]
29.8388 	EXP 	start_box: fillColor = [-1, -1, 1]
29.8555 	EXP 	start_box: fillColor = [-1, -1, 1]
29.8722 	EXP 	start_box: fillColor = [-1, -1, 1]
29.8889 	EXP 	start_box: fillColor = [-1, -1, 1]
29.9055 	EXP 	start_box: fillColor = [-1, -1, 1]
29.9222 	EXP 	start_box: fillColor = [-1, -1, 1]
29.9389 	EXP 	fixation_cross_3: autoDraw = False
29.9389 	EXP 	start_box: fillColor = [-1, -1, 1]
29.9556 	EXP 	start_box: fillColor = [-1, -1, 1]
29.9723 	EXP 	start_box: fillColor = [-1, -1, 1]
29.9889 	EXP 	start_box: fillColor = [-1, -1, 1]
30.0056 	EXP 	start_box: fillColor = [-1, -1, 1]
30.0223 	EXP 	start_box: fillColor = [-1, -1, 1]
30.0390 	EXP 	start_box: fillColor = [-1, -1, 1]
30.0557 	EXP 	start_box: fillColor = [-1, -1, 1]
30.2225 	DATA 	Mouse: Left button down, pos=(947,203)
30.3893 	DATA 	Mouse:  Left button up, pos=(944,201)
30.5728 	EXP 	start_box: fillColor = [-1, -1, -1]
30.5728 	EXP 	fixation_cross_3: autoDraw = False
30.5728 	EXP 	start_box: autoDraw = False
30.5728 	EXP 	start_box_2: autoDraw = True
30.5728 	EXP 	response_box: autoDraw = True
30.7444 	EXP 	start_box_2: autoDraw = False
30.7444 	EXP 	response_box: autoDraw = False
30.7444 	EXP 	text_stimulus: height = np.float64(72.0)
30.7444 	EXP 	text_stimulus: height = np.float64(72.0)
30.7444 	EXP 	text_stimulus: height = np.float64(72.0)
30.7444 	EXP 	text_stimulus: text = '4'
30.7444 	EXP 	text_stimulus: height = np.float64(72.0)
30.7444 	EXP 	text_stimulus: height = np.float64(72.0)
30.7444 	EXP 	text_stimulus: height = np.float64(72.0)
30.7444 	EXP 	text_stimulus: text = 4
30.7444 	EXP 	start_box_3: autoDraw = True
30.7444 	EXP 	response_box_2: autoDraw = True
30.7444 	EXP 	text_stimulus: autoDraw = True
31.6738 	DATA 	Mouse: Left button down, pos=(1152,894)
31.6904 	EXP 	start_box_3: autoDraw = False
31.6904 	EXP 	response_box_2: autoDraw = False
31.6904 	EXP 	text_stimulus: autoDraw = False
31.6904 	EXP 	blank: autoDraw = True
31.8239 	DATA 	Mouse:  Left button up, pos=(1152,894)
32.1908 	EXP 	blank: autoDraw = False
32.6759 	EXP 	New trial (rep=0, index=7): <Trial 7 (7 in rep 0) data={'digit': 8, 'trial_type': 'go', 'correct_response': 'click', 'thisN': 7, 'thisTrialN': 7, 'thisRepN': 0}>
32.6912 	EXP 	blank: autoDraw = False
32.6912 	EXP 	fixation_cross_3: autoDraw = True
32.6912 	EXP 	start_box: autoDraw = True
32.6912 	EXP 	start_box: fillColor = [-1, -1, 1]
32.6912 	EXP 	start_box: fillColor = [-1, -1, 1]
32.7079 	EXP 	start_box: fillColor = [-1, -1, 1]
32.7079 	EXP 	start_box: fillColor = [-1, -1, 1]
32.7246 	EXP 	start_box: fillColor = [-1, -1, 1]
32.7413 	EXP 	start_box: fillColor = [-1, -1, 1]
32.7579 	EXP 	start_box: fillColor = [-1, -1, 1]
32.7746 	EXP 	start_box: fillColor = [-1, -1, 1]
32.7913 	EXP 	start_box: fillColor = [-1, -1, 1]
32.8080 	EXP 	start_box: fillColor = [-1, -1, 1]
32.8246 	EXP 	start_box: fillColor = [-1, -1, 1]
32.8414 	EXP 	start_box: fillColor = [-1, -1, 1]
32.8580 	EXP 	start_box: fillColor = [-1, -1, 1]
32.8747 	EXP 	start_box: fillColor = [-1, -1, 1]
32.8914 	EXP 	start_box: fillColor = [-1, -1, 1]
32.9081 	EXP 	start_box: fillColor = [-1, -1, 1]
32.9247 	EXP 	start_box: fillColor = [-1, -1, 1]
32.9414 	EXP 	start_box: fillColor = [-1, -1, 1]
32.9581 	EXP 	start_box: fillColor = [-1, -1, 1]
32.9748 	EXP 	start_box: fillColor = [-1, -1, 1]
32.9915 	EXP 	start_box: fillColor = [-1, -1, 1]
33.0081 	EXP 	start_box: fillColor = [-1, -1, 1]
33.0248 	EXP 	start_box: fillColor = [-1, -1, 1]
33.0415 	EXP 	start_box: fillColor = [-1, -1, 1]
33.0582 	EXP 	start_box: fillColor = [-1, -1, 1]
33.0749 	EXP 	start_box: fillColor = [-1, -1, 1]
33.0916 	EXP 	start_box: fillColor = [-1, -1, 1]
33.1082 	EXP 	start_box: fillColor = [-1, -1, 1]
33.1249 	EXP 	start_box: fillColor = [-1, -1, 1]
33.1416 	EXP 	start_box: fillColor = [-1, -1, 1]
33.1583 	EXP 	start_box: fillColor = [-1, -1, 1]
33.1750 	EXP 	start_box: fillColor = [-1, -1, 1]
33.1917 	EXP 	fixation_cross_3: autoDraw = False
33.1917 	EXP 	start_box: fillColor = [-1, -1, 1]
33.2083 	EXP 	start_box: fillColor = [-1, -1, 1]
33.2250 	EXP 	start_box: fillColor = [-1, -1, 1]
33.2417 	EXP 	start_box: fillColor = [-1, -1, 1]
33.2583 	EXP 	start_box: fillColor = [-1, -1, 1]
33.2751 	EXP 	start_box: fillColor = [-1, -1, 1]
33.2917 	EXP 	start_box: fillColor = [-1, -1, 1]
33.3084 	EXP 	start_box: fillColor = [-1, -1, 1]
33.3251 	EXP 	start_box: fillColor = [-1, -1, 1]
33.3418 	EXP 	start_box: fillColor = [-1, -1, 1]
33.3584 	EXP 	start_box: fillColor = [-1, -1, 1]
33.3751 	EXP 	start_box: fillColor = [-1, -1, 1]
33.3918 	EXP 	start_box: fillColor = [-1, -1, 1]
33.4085 	EXP 	start_box: fillColor = [-1, -1, 1]
33.4252 	EXP 	start_box: fillColor = [-1, -1, 1]
33.4418 	EXP 	start_box: fillColor = [-1, -1, 1]
33.4586 	EXP 	start_box: fillColor = [-1, -1, 1]
33.4752 	EXP 	start_box: fillColor = [-1, -1, 1]
33.4919 	EXP 	start_box: fillColor = [-1, -1, 1]
33.5086 	EXP 	start_box: fillColor = [-1, -1, 1]
33.5253 	EXP 	start_box: fillColor = [-1, -1, 1]
33.5420 	EXP 	start_box: fillColor = [-1, -1, 1]
33.5421 	DATA 	Keypress: escape
33.5423 	EXP 	Device response: <KeyPress from None: t=33.52676868438721, value=escape, duration=None>
33.5586 	EXP 	start_box: fillColor = [-1, -1, 1]
33.5753 	EXP 	start_box: fillColor = [-1, -1, 1]
33.5920 	EXP 	start_box: fillColor = [-1, -1, 1]
33.6086 	EXP 	start_box: fillColor = [-1, -1, 1]
33.6253 	EXP 	start_box: fillColor = [-1, -1, 1]
33.6256 	EXP 	Device response: <KeyPress from None: t=33.52676868438721, value=escape, duration=0.09568142890930176>
33.6256 	EXP 	go_nogo_dm: status = STOPPED
33.6420 	EXP 	start_box: fillColor = [-1, -1, 1]
33.6420 	EXP 	start_box: autoDraw = False
33.6420 	EXP 	go_nogo_dm: status = STOPPED
33.6763 	INFO 	saved data to '/media/Data03/Studies/Research_BEEHub/Git_repository/BEEHub/Projects/MT/paradigm/psychopy/data/993904_go_nogo_dm_2026-09-28_11h09.33.680.csv'
33.6970 	INFO 	saved data to /media/Data03/Studies/Research_BEEHub/Git_repository/BEEHub/Projects/MT/paradigm/psychopy/data/993904_go_nogo_dm_2026-09-28_11h09.33.680.psydat
