15.6862 	INFO 	Loaded monitor calibration from ['2026_01_06 15:55']
15.7511 	WARNING 	User requested fullscreen with size [1280  800], but screen is actually [1920, 1200]. Using actual size
16.1663 	INFO 	Using renderer 'NV167' for graphics
16.1663 	INFO 	OpenGL version supported by driver is 4..
16.2176 	EXP 	Created window1 = Window(allowGUI=True, allowStencil=False, autoLog=True, backendConf=UNKNOWN, backgroundFit=<method-wrapper '__getattribute__' of attributeSetter object at 0x7f19825c6dd0>, backgroundImage=<method-wrapper '__getattribute__' of attributeSetter object at 0x7f19825c5ad0>, bitsMode=UNKNOWN, blendMode='avg', bpc=(8, 8, 8), color=array([0, 0, 0]), colorSpace='rgb', depthBits=8, fullscr=True, gamma=None, gammaErrorPolicy='raise', infoMsg=UNKNOWN, lms=UNKNOWN, monitor=<psychopy.monitors.calibTools.Monitor object at 0x7f198004cd10>, multiSample=False, name='window1', numSamples=2, pos=[np.float64(0.0), np.float64(0.0)], screen=0, size=array([1920, 1200]), stencilBits=0, stereo=False, title='PsychoPy', units='pix', useFBO=True, useRetina=False, viewOri=0.0, viewPos=None, viewScale=None, waitBlanking=True, winType='pyglet')
16.2177 	EXP 	window1: backgroundImage = ''
16.2177 	EXP 	window1: backgroundFit = 'none'
16.2868 	EXP 	window1: Attempting to measure frame rate of screen (0) ...
16.2868 	EXP 	window1: recordFrameIntervals = False
16.4159 	EXP 	window1: recordFrameIntervals = True
16.5994 	EXP 	Screen (0) actual frame rate measured at 59.93Hz
16.5994 	EXP 	window1: recordFrameIntervals = False
18.6586 	INFO 	keyboard.Keyboard is using iohub backend.
18.6586 	INFO 	keyboard.Keyboard is using iohub backend.
18.6586 	INFO 	keyboard.Keyboard is using iohub backend.
18.6586 	INFO 	keyboard.Keyboard is using iohub backend.
18.6586 	INFO 	keyboard.Keyboard is using iohub backend.
18.6587 	INFO 	keyboard.Keyboard is using iohub backend.
18.6587 	EXP 	go_nogo_dm: status = STARTED
18.8287 	EXP 	Created welcome_text = TextStim(__class__=<class 'psychopy.visual.text.TextStim'>, alignHoriz=method-wrapper(...), alignText='center', alignVert=method-wrapper(...), anchorHoriz='center', anchorVert='center', antialias=True, autoDraw=False, autoLog=True, bold=False, color=array([-1., -1., -1.]), colorSpace='rgb', contrast=1.0, depth=0.0, draggable=False, flipHoriz=False, flipVert=False, font='Arial', fontFiles=[], height=np.float64(40.0), italic=False, languageStyle='LTR', name='welcome_text', opacity=1, ori=0.0, pos=array([0., 0.]), rgb=UNKNOWN, text=str(...), units='pix', win=Window(...), wrapWidth=1500.0)
18.8564 	EXP 	Created image = ImageStim(__class__=<class 'psychopy.visual.image.ImageStim'>, anchor=('center', 'center'), autoLog=True, color=array([1., 1., 1.]), colorSpace='rgb', contrast=1.0, depth=0.0, draggable=False, flipHoriz=np.False_, flipVert=np.False_, image='Slide7.PNG', interpolate=True, mask=None, maskParams=None, name='image', opacity=1, ori=0.0, pos=array([0., 0.]), size=array([1536.,  864.]), texRes=128.0, units='pix', win=Window(...))
18.8962 	EXP 	Created image_2 = ImageStim(__class__=<class 'psychopy.visual.image.ImageStim'>, anchor=('center', 'center'), autoLog=True, color=array([1., 1., 1.]), colorSpace='rgb', contrast=1.0, depth=0.0, draggable=False, flipHoriz=np.False_, flipVert=np.False_, image='Slide8.PNG', interpolate=True, mask=None, maskParams=None, name='image_2', opacity=1, ori=0.0, pos=array([0., 0.]), size=array([1536.,  864.]), texRes=128.0, units='pix', win=Window(...))
18.9125 	EXP 	Created exp_start_inst = TextStim(__class__=<class 'psychopy.visual.text.TextStim'>, alignHoriz=method-wrapper(...), alignText='center', alignVert=method-wrapper(...), anchorHoriz='center', anchorVert='center', antialias=True, autoDraw=False, autoLog=True, bold=False, color=array([-1., -1., -1.]), colorSpace='rgb', contrast=1.0, depth=0.0, draggable=False, flipHoriz=False, flipVert=False, font='Arial', fontFiles=[], height=np.float64(40.0), italic=False, languageStyle='LTR', name='exp_start_inst', opacity=1, ori=0.0, pos=array([0., 0.]), rgb=UNKNOWN, text=str(...), units='pix', win=Window(...), wrapWidth=1500.0)
18.9156 	EXP 	Created fixation_cross_3 = TextStim(__class__=<class 'psychopy.visual.text.TextStim'>, alignHoriz=method-wrapper(...), alignText='center', alignVert=method-wrapper(...), anchorHoriz='center', anchorVert='center', antialias=True, autoDraw=False, autoLog=True, bold=False, color=array([-1., -1., -1.]), colorSpace='rgb', contrast=1.0, depth=0.0, draggable=False, flipHoriz=False, flipVert=False, font='Arial', fontFiles=[], height=np.float64(30.0), italic=False, languageStyle='LTR', name='fixation_cross_3', opacity=1, ori=0.0, pos=array([0., 0.]), rgb=UNKNOWN, text='+', units='pix', win=Window(...), wrapWidth=500)
18.9163 	EXP 	Created start_box = Rect(__class__=<class 'psychopy.visual.rect.Rect'>, anchor=('center', 'center'), autoDraw=False, autoLog=True, closeShape=True, color=method-wrapper(...), colorSpace='rgb', contrast=None, depth=-1.0, draggable=False, fillColor=array([-1., -1.,  1.]), fillColorSpace='rgb', fillRGB=array([-1., -1.,  1.]), interpolate=True, lineColor=array([-1., -1., -1.]), lineColorSpace='rgb', lineRGB=array([-1, -1, -1]), lineWidth=1.0, name='start_box', opacity=1, ori=0.0, pos=array([   0., -400.]), size=array([100., 100.]), units='pix', vertices=ndarray(...), win=Window(...))
18.9170 	EXP 	Created start_box_2 = Rect(__class__=<class 'psychopy.visual.rect.Rect'>, anchor=('center', 'center'), autoDraw=False, autoLog=True, closeShape=True, color=method-wrapper(...), colorSpace='rgb', contrast=None, depth=0.0, draggable=False, fillColor=array([-1, -1, -1]), fillColorSpace='rgb', fillRGB=array([-1, -1, -1]), interpolate=True, lineColor=array([-1., -1., -1.]), lineColorSpace='rgb', lineRGB=array([-1, -1, -1]), lineWidth=1.0, name='start_box_2', opacity=1, ori=0.0, pos=array([   0., -400.]), size=array([100., 100.]), units='pix', vertices=ndarray(...), win=Window(...))
18.9177 	EXP 	Created response_box = Rect(__class__=<class 'psychopy.visual.rect.Rect'>, anchor=('center', 'center'), autoDraw=False, autoLog=True, closeShape=True, color=method-wrapper(...), colorSpace='rgb', contrast=None, depth=-1.0, draggable=False, fillColor=array([1, 1, 1]), fillColorSpace='rgb', fillRGB=array([1, 1, 1]), interpolate=True, lineColor=array([-1., -1., -1.]), lineColorSpace='rgb', lineRGB=array([-1, -1, -1]), lineWidth=1.0, name='response_box', opacity=1, ori=0.0, pos=array([200., 300.]), size=array([100., 100.]), units='pix', vertices=ndarray(...), win=Window(...))
18.9184 	EXP 	Created start_box_3 = Rect(__class__=<class 'psychopy.visual.rect.Rect'>, anchor=('center', 'center'), autoDraw=False, autoLog=True, closeShape=True, color=method-wrapper(...), colorSpace='rgb', contrast=None, depth=-1.0, draggable=False, fillColor=array([-1, -1, -1]), fillColorSpace='rgb', fillRGB=array([-1, -1, -1]), interpolate=True, lineColor=array([-1., -1., -1.]), lineColorSpace='rgb', lineRGB=array([-1, -1, -1]), lineWidth=1.0, name='start_box_3', opacity=1, ori=0.0, pos=array([   0., -400.]), size=array([100., 100.]), units='pix', vertices=ndarray(...), win=Window(...))
18.9190 	EXP 	Created response_box_2 = Rect(__class__=<class 'psychopy.visual.rect.Rect'>, anchor=('center', 'center'), autoDraw=False, autoLog=True, closeShape=True, color=method-wrapper(...), colorSpace='rgb', contrast=None, depth=-2.0, draggable=False, fillColor=array([1, 1, 1]), fillColorSpace='rgb', fillRGB=array([1, 1, 1]), interpolate=True, lineColor=array([-1., -1., -1.]), lineColorSpace='rgb', lineRGB=array([-1, -1, -1]), lineWidth=1.0, name='response_box_2', opacity=1, ori=0.0, pos=array([200., 300.]), size=array([100., 100.]), units='pix', vertices=ndarray(...), win=Window(...))
18.9201 	EXP 	Created text_stimulus = TextStim(__class__=<class 'psychopy.visual.text.TextStim'>, alignHoriz=method-wrapper(...), alignText='center', alignVert=method-wrapper(...), anchorHoriz='center', anchorVert='center', antialias=True, autoDraw=False, autoLog=True, bold=False, color=array([-1., -1., -1.]), colorSpace='rgb', contrast=1.0, depth=-3.0, draggable=False, flipHoriz=False, flipVert=False, font='Arial', fontFiles=[], height=72.0, italic=False, languageStyle='LTR', name='text_stimulus', opacity=1, ori=0.0, pos=array([200., 300.]), rgb=UNKNOWN, text='', units='pix', win=Window(...), wrapWidth=500)
18.9230 	EXP 	Created blank = TextStim(__class__=<class 'psychopy.visual.text.TextStim'>, alignHoriz=method-wrapper(...), alignText='center', alignVert=method-wrapper(...), anchorHoriz='center', anchorVert='center', antialias=True, autoDraw=False, autoLog=True, bold=False, color=array([1., 1., 1.]), colorSpace='rgb', contrast=1.0, depth=-1.0, draggable=False, flipHoriz=False, flipVert=False, font='Arial', fontFiles=[], height=np.float64(1.0), italic=False, languageStyle='LTR', name='blank', opacity=1, ori=0.0, pos=array([0., 0.]), rgb=UNKNOWN, text='.', units='pix', win=Window(...), wrapWidth=500)
18.9236 	EXP 	Created block_end_text = TextStim(__class__=<class 'psychopy.visual.text.TextStim'>, alignHoriz=method-wrapper(...), alignText='center', alignVert=method-wrapper(...), anchorHoriz='center', anchorVert='center', antialias=True, autoDraw=False, autoLog=True, bold=False, color=array([-1., -1., -1.]), colorSpace='rgb', contrast=1.0, depth=-1.0, draggable=False, flipHoriz=False, flipVert=False, font='Arial', fontFiles=[], height=np.float64(40.0), italic=False, languageStyle='LTR', name='block_end_text', opacity=1, ori=0.0, pos=array([0., 0.]), rgb=UNKNOWN, text='', units='pix', win=Window(...), wrapWidth=1500.0)
0.0194 	INFO 	Keyboard events cleared
0.0192 	EXP 	welcome_text: autoDraw = True
2.3800 	EXP 	Device response: <KeyPress from None: t=2.3765692710876465, value=space, duration=None>
2.3952 	DATA 	Keypress: space
2.4095 	INFO 	Keyboard events cleared
2.4093 	EXP 	welcome_text: autoDraw = False
2.4093 	EXP 	image: autoDraw = True
2.5165 	EXP 	Device response: <KeyPress from None: t=2.3765692710876465, value=space, duration=0.12760353088378906>
26.1028 	EXP 	Device response: <KeyPress from None: t=26.096697092056274, value=space, duration=None>
26.1054 	DATA 	Keypress: space
26.1196 	INFO 	Keyboard events cleared
26.1193 	EXP 	image: autoDraw = False
26.1193 	EXP 	image_2: autoDraw = True
26.2696 	EXP 	Device response: <KeyPress from None: t=26.096697092056274, value=space, duration=0.16775250434875488>
44.2182 	EXP 	Device response: <KeyPress from None: t=44.20880889892578, value=space, duration=None>
44.2205 	DATA 	Keypress: space
44.2321 	INFO 	Keyboard events cleared
44.2320 	EXP 	image_2: autoDraw = False
44.2320 	EXP 	exp_start_inst: autoDraw = True
44.4158 	EXP 	Device response: <KeyPress from None: t=44.20880889892578, value=space, duration=0.19163942337036133>
49.6202 	EXP 	Device response: <KeyPress from None: t=49.608832597732544, value=space, duration=None>
49.6252 	EXP 	Imported block_sequence.xlsx as conditions, 15 conditions, 5 params
49.6255 	EXP 	New trial (rep=0, index=0): <Trial 0 (0 in rep 0) data={'block_type': 'go_only', 'block_number': 1, 'trials_count': 18, 'is_practice': 1, 'trials_file': 'go_only.xlsx', 'thisN': 0, 'thisTrialN': 0, 'thisRepN': 0}>
49.8251 	EXP 	Device response: <KeyPress from None: t=49.608832597732544, value=space, duration=0.18374419212341309>
49.8297 	EXP 	Imported /media/Data03/Studies/Research_BEEHub/Git_repository/BEEHub/Projects/MT/paradigm/psychopy/data/temp_go_only_shuffled.xlsx as conditions, 18 conditions, 3 params
49.8300 	EXP 	New trial (rep=0, index=0): <Trial 0 (0 in rep 0) data={'digit': 4, 'trial_type': 'go', 'correct_response': 'click', 'thisN': 0, 'thisTrialN': 0, 'thisRepN': 0}>
49.8304 	DATA 	Keypress: space
49.8411 	EXP 	exp_start_inst: autoDraw = False
49.8411 	EXP 	fixation_cross_3: autoDraw = True
49.8411 	EXP 	start_box: autoDraw = True
49.8411 	EXP 	start_box: fillColor = [-1, -1, 1]
49.8411 	EXP 	start_box: fillColor = [-1, -1, 1]
49.8505 	EXP 	start_box: fillColor = [-1, -1, 1]
49.8505 	EXP 	start_box: fillColor = [-1, -1, 1]
49.8624 	EXP 	start_box: fillColor = [-1, -1, 1]
49.8735 	EXP 	start_box: fillColor = [-1, -1, 1]
49.8844 	EXP 	start_box: fillColor = [-1, -1, 1]
49.8994 	EXP 	start_box: fillColor = [-1, -1, 1]
49.9120 	EXP 	start_box: fillColor = [-1, -1, 1]
49.9232 	EXP 	start_box: fillColor = [-1, -1, 1]
49.9365 	EXP 	start_box: fillColor = [-1, -1, 1]
49.9532 	EXP 	start_box: fillColor = [-1, -1, 1]
49.9699 	EXP 	start_box: fillColor = [-1, -1, 1]
49.9866 	EXP 	start_box: fillColor = [-1, -1, 1]
50.0033 	EXP 	start_box: fillColor = [-1, -1, 1]
50.0200 	EXP 	start_box: fillColor = [-1, -1, 1]
50.0366 	EXP 	start_box: fillColor = [-1, -1, 1]
50.0533 	EXP 	start_box: fillColor = [-1, -1, 1]
50.0700 	EXP 	start_box: fillColor = [-1, -1, 1]
50.0871 	EXP 	start_box: fillColor = [-1, -1, 1]
50.1034 	EXP 	start_box: fillColor = [-1, -1, 1]
50.1200 	EXP 	start_box: fillColor = [-1, -1, 1]
50.1367 	EXP 	start_box: fillColor = [-1, -1, 1]
50.1534 	EXP 	start_box: fillColor = [-1, -1, 1]
50.1701 	EXP 	start_box: fillColor = [-1, -1, 1]
50.1867 	EXP 	start_box: fillColor = [-1, -1, 1]
50.2034 	EXP 	start_box: fillColor = [-1, -1, 1]
50.2201 	EXP 	start_box: fillColor = [-1, -1, 1]
50.2368 	EXP 	start_box: fillColor = [-1, -1, 1]
50.2535 	EXP 	start_box: fillColor = [-1, -1, 1]
50.2702 	EXP 	start_box: fillColor = [-1, -1, 1]
50.2868 	EXP 	start_box: fillColor = [-1, -1, 1]
50.3035 	EXP 	start_box: fillColor = [-1, -1, 1]
50.3202 	EXP 	start_box: fillColor = [-1, -1, 1]
50.3369 	EXP 	start_box: fillColor = [-1, -1, 1]
50.3536 	EXP 	fixation_cross_3: autoDraw = False
50.3536 	EXP 	start_box: fillColor = [-1, -1, 1]
50.3702 	EXP 	start_box: fillColor = [-1, -1, 1]
50.3869 	EXP 	start_box: fillColor = [-1, -1, 1]
50.4036 	EXP 	start_box: fillColor = [-1, -1, 1]
50.4203 	EXP 	start_box: fillColor = [-1, -1, 1]
50.4370 	EXP 	start_box: fillColor = [-1, -1, 1]
50.4537 	EXP 	start_box: fillColor = [-1, -1, 1]
50.4703 	EXP 	start_box: fillColor = [-1, -1, 1]
50.4870 	EXP 	start_box: fillColor = [-1, -1, 1]
50.5037 	EXP 	start_box: fillColor = [-1, -1, 1]
50.5204 	EXP 	start_box: fillColor = [-1, -1, 1]
50.5371 	EXP 	start_box: fillColor = [-1, -1, 1]
50.5538 	EXP 	start_box: fillColor = [-1, -1, 1]
50.5705 	EXP 	start_box: fillColor = [-1, -1, 1]
50.5872 	EXP 	start_box: fillColor = [-1, -1, 1]
50.6038 	EXP 	start_box: fillColor = [-1, -1, 1]
50.6205 	EXP 	start_box: fillColor = [-1, -1, 1]
50.6371 	EXP 	start_box: fillColor = [-1, -1, 1]
50.6538 	EXP 	start_box: fillColor = [-1, -1, 1]
50.6705 	EXP 	start_box: fillColor = [-1, -1, 1]
50.6871 	EXP 	start_box: fillColor = [-1, -1, 1]
50.7039 	EXP 	start_box: fillColor = [-1, -1, 1]
50.7205 	EXP 	start_box: fillColor = [-1, -1, 1]
50.7372 	EXP 	start_box: fillColor = [-1, -1, 1]
50.7539 	EXP 	start_box: fillColor = [-1, -1, 1]
50.7706 	EXP 	start_box: fillColor = [-1, -1, 1]
50.7872 	EXP 	start_box: fillColor = [-1, -1, 1]
50.8040 	EXP 	start_box: fillColor = [-1, -1, 1]
50.8207 	EXP 	start_box: fillColor = [-1, -1, 1]
50.8373 	EXP 	start_box: fillColor = [-1, -1, 1]
50.8540 	EXP 	start_box: fillColor = [-1, -1, 1]
50.8707 	EXP 	start_box: fillColor = [-1, -1, 1]
50.8873 	EXP 	start_box: fillColor = [-1, -1, 1]
50.9041 	EXP 	start_box: fillColor = [-1, -1, 1]
50.9207 	EXP 	start_box: fillColor = [-1, -1, 1]
50.9374 	EXP 	start_box: fillColor = [-1, -1, 1]
50.9541 	EXP 	start_box: fillColor = [-1, -1, 1]
50.9708 	EXP 	start_box: fillColor = [-1, -1, 1]
50.9875 	EXP 	start_box: fillColor = [-1, -1, 1]
51.0041 	EXP 	start_box: fillColor = [-1, -1, 1]
51.0208 	EXP 	start_box: fillColor = [-1, -1, 1]
51.0375 	EXP 	start_box: fillColor = [-1, -1, 1]
51.0542 	EXP 	start_box: fillColor = [-1, -1, 1]
51.0709 	EXP 	start_box: fillColor = [-1, -1, 1]
51.0875 	EXP 	start_box: fillColor = [-1, -1, 1]
51.1043 	EXP 	start_box: fillColor = [-1, -1, 1]
51.1210 	EXP 	start_box: fillColor = [-1, -1, 1]
51.1376 	EXP 	start_box: fillColor = [-1, -1, 1]
51.1543 	EXP 	start_box: fillColor = [-1, -1, 1]
51.1710 	EXP 	start_box: fillColor = [-1, -1, 1]
51.1877 	EXP 	start_box: fillColor = [-1, -1, 1]
51.2043 	EXP 	start_box: fillColor = [-1, -1, 1]
51.2210 	EXP 	start_box: fillColor = [-1, -1, 1]
51.2377 	EXP 	start_box: fillColor = [-1, -1, 1]
51.2543 	EXP 	start_box: fillColor = [-1, -1, 1]
51.2710 	EXP 	start_box: fillColor = [-1, -1, 1]
51.2877 	EXP 	start_box: fillColor = [-1, -1, 1]
51.3044 	EXP 	start_box: fillColor = [-1, -1, 1]
51.3211 	EXP 	start_box: fillColor = [-1, -1, 1]
51.3377 	EXP 	start_box: fillColor = [-1, -1, 1]
51.3544 	EXP 	start_box: fillColor = [-1, -1, 1]
51.3711 	EXP 	start_box: fillColor = [-1, -1, 1]
51.3878 	EXP 	start_box: fillColor = [-1, -1, 1]
51.4045 	EXP 	start_box: fillColor = [-1, -1, 1]
51.4211 	EXP 	start_box: fillColor = [-1, -1, 1]
51.4378 	EXP 	start_box: fillColor = [-1, -1, 1]
51.4545 	EXP 	start_box: fillColor = [-1, -1, 1]
51.5212 	EXP 	start_box: fillColor = [-1, -1, 1]
51.5379 	EXP 	start_box: fillColor = [-1, -1, 1]
51.5546 	EXP 	start_box: fillColor = [-1, -1, 1]
51.5713 	EXP 	start_box: fillColor = [-1, -1, 1]
51.5879 	EXP 	start_box: fillColor = [-1, -1, 1]
51.6046 	EXP 	start_box: fillColor = [-1, -1, 1]
51.6213 	EXP 	start_box: fillColor = [-1, -1, 1]
51.6380 	EXP 	start_box: fillColor = [-1, -1, 1]
51.6547 	EXP 	start_box: fillColor = [-1, -1, 1]
51.6714 	EXP 	start_box: fillColor = [-1, -1, 1]
51.6880 	EXP 	start_box: fillColor = [-1, -1, 1]
52.2051 	EXP 	start_box: fillColor = [-1, -1, -1]
52.2051 	EXP 	fixation_cross_3: autoDraw = False
52.2051 	EXP 	start_box: autoDraw = False
52.2051 	EXP 	start_box_2: autoDraw = True
52.2051 	EXP 	response_box: autoDraw = True
52.8892 	EXP 	start_box_2: autoDraw = False
52.8892 	EXP 	response_box: autoDraw = False
52.8892 	EXP 	text_stimulus: height = np.float64(72.0)
52.8892 	EXP 	text_stimulus: height = np.float64(72.0)
52.8892 	EXP 	text_stimulus: height = np.float64(72.0)
52.8892 	EXP 	text_stimulus: text = '4'
52.8892 	EXP 	text_stimulus: height = np.float64(72.0)
52.8892 	EXP 	text_stimulus: height = np.float64(72.0)
52.8892 	EXP 	text_stimulus: height = np.float64(72.0)
52.8892 	EXP 	text_stimulus: text = 4
52.8892 	EXP 	start_box_3: autoDraw = True
52.8892 	EXP 	response_box_2: autoDraw = True
52.8892 	EXP 	text_stimulus: autoDraw = True
54.1236 	DATA 	Keypress: space
54.1239 	EXP 	Device response: <KeyPress from None: t=54.12090253829956, value=space, duration=None>
54.2907 	EXP 	Device response: <KeyPress from None: t=54.12090253829956, value=space, duration=0.16769051551818848>
54.5732 	EXP 	start_box_3: autoDraw = False
54.5732 	EXP 	response_box_2: autoDraw = False
54.5732 	EXP 	text_stimulus: autoDraw = False
54.5732 	EXP 	blank: autoDraw = True
55.4745 	EXP 	blank: autoDraw = False
55.5602 	EXP 	New trial (rep=0, index=1): <Trial 1 (1 in rep 0) data={'digit': 3, 'trial_type': 'go', 'correct_response': 'click', 'thisN': 1, 'thisTrialN': 1, 'thisRepN': 0}>
55.5752 	EXP 	blank: autoDraw = False
55.5752 	EXP 	fixation_cross_3: autoDraw = True
55.5752 	EXP 	start_box: autoDraw = True
55.5752 	EXP 	start_box: fillColor = [-1, -1, 1]
55.5914 	EXP 	start_box: fillColor = [-1, -1, 1]
56.0751 	EXP 	fixation_cross_3: autoDraw = False
56.1085 	EXP 	start_box: fillColor = [-1, -1, -1]
56.1085 	EXP 	fixation_cross_3: autoDraw = False
56.1085 	EXP 	start_box: autoDraw = False
56.1085 	EXP 	start_box_2: autoDraw = True
56.1085 	EXP 	response_box: autoDraw = True
56.8091 	EXP 	start_box_2: autoDraw = False
56.8091 	EXP 	response_box: autoDraw = False
56.8091 	EXP 	text_stimulus: height = np.float64(72.0)
56.8091 	EXP 	text_stimulus: height = np.float64(72.0)
56.8091 	EXP 	text_stimulus: height = np.float64(72.0)
56.8091 	EXP 	text_stimulus: text = '3'
56.8091 	EXP 	text_stimulus: height = np.float64(72.0)
56.8091 	EXP 	text_stimulus: height = np.float64(72.0)
56.8091 	EXP 	text_stimulus: height = np.float64(72.0)
56.8091 	EXP 	text_stimulus: text = 3
56.8091 	EXP 	start_box_3: autoDraw = True
56.8091 	EXP 	response_box_2: autoDraw = True
56.8091 	EXP 	text_stimulus: autoDraw = True
58.3270 	EXP 	start_box_3: autoDraw = False
58.3270 	EXP 	response_box_2: autoDraw = False
58.3270 	EXP 	text_stimulus: autoDraw = False
58.3270 	EXP 	blank: autoDraw = True
59.3133 	EXP 	New trial (rep=0, index=2): <Trial 2 (2 in rep 0) data={'digit': 4, 'trial_type': 'go', 'correct_response': 'click', 'thisN': 2, 'thisTrialN': 2, 'thisRepN': 0}>
59.3279 	EXP 	blank: autoDraw = False
59.3279 	EXP 	blank: autoDraw = False
59.3279 	EXP 	fixation_cross_3: autoDraw = True
59.3279 	EXP 	start_box: autoDraw = True
59.3279 	EXP 	start_box: fillColor = [-1, -1, 1]
59.3446 	EXP 	start_box: fillColor = [-1, -1, 1]
59.3446 	EXP 	start_box: fillColor = [-1, -1, 1]
59.3611 	EXP 	start_box: fillColor = [-1, -1, 1]
59.3779 	EXP 	start_box: fillColor = [-1, -1, 1]
59.3946 	EXP 	start_box: fillColor = [-1, -1, 1]
59.4113 	EXP 	start_box: fillColor = [-1, -1, 1]
59.4280 	EXP 	start_box: fillColor = [-1, -1, 1]
59.4447 	EXP 	start_box: fillColor = [-1, -1, 1]
59.4612 	EXP 	start_box: fillColor = [-1, -1, 1]
59.4780 	EXP 	start_box: fillColor = [-1, -1, 1]
59.4947 	EXP 	start_box: fillColor = [-1, -1, 1]
59.5113 	EXP 	start_box: fillColor = [-1, -1, 1]
59.5280 	EXP 	start_box: fillColor = [-1, -1, 1]
59.5447 	EXP 	start_box: fillColor = [-1, -1, 1]
59.5613 	EXP 	start_box: fillColor = [-1, -1, 1]
59.5780 	EXP 	start_box: fillColor = [-1, -1, 1]
59.5947 	EXP 	start_box: fillColor = [-1, -1, 1]
59.6114 	EXP 	start_box: fillColor = [-1, -1, 1]
59.6281 	EXP 	start_box: fillColor = [-1, -1, 1]
59.6448 	EXP 	start_box: fillColor = [-1, -1, 1]
59.6614 	EXP 	start_box: fillColor = [-1, -1, 1]
59.6782 	EXP 	start_box: fillColor = [-1, -1, 1]
59.6948 	EXP 	start_box: fillColor = [-1, -1, 1]
59.7115 	EXP 	start_box: fillColor = [-1, -1, 1]
59.7282 	EXP 	start_box: fillColor = [-1, -1, 1]
59.7448 	EXP 	start_box: fillColor = [-1, -1, 1]
59.7615 	EXP 	start_box: fillColor = [-1, -1, 1]
59.7786 	EXP 	start_box: fillColor = [-1, -1, 1]
59.7949 	EXP 	start_box: fillColor = [-1, -1, 1]
59.8116 	EXP 	start_box: fillColor = [-1, -1, 1]
59.8283 	EXP 	fixation_cross_3: autoDraw = False
59.8283 	EXP 	start_box: fillColor = [-1, -1, 1]
59.8449 	EXP 	start_box: fillColor = [-1, -1, 1]
59.8616 	EXP 	start_box: fillColor = [-1, -1, 1]
59.8783 	EXP 	start_box: fillColor = [-1, -1, 1]
59.8950 	EXP 	start_box: fillColor = [-1, -1, 1]
59.9116 	EXP 	start_box: fillColor = [-1, -1, 1]
59.9283 	EXP 	start_box: fillColor = [-1, -1, 1]
59.9450 	EXP 	start_box: fillColor = [-1, -1, 1]
59.9616 	EXP 	start_box: fillColor = [-1, -1, 1]
59.9784 	EXP 	start_box: fillColor = [-1, -1, 1]
59.9951 	EXP 	start_box: fillColor = [-1, -1, 1]
60.0117 	EXP 	start_box: fillColor = [-1, -1, 1]
60.0284 	EXP 	start_box: fillColor = [-1, -1, 1]
60.5456 	EXP 	start_box: fillColor = [-1, -1, -1]
60.5456 	EXP 	fixation_cross_3: autoDraw = False
60.5456 	EXP 	start_box: autoDraw = False
60.5456 	EXP 	start_box_2: autoDraw = True
60.5456 	EXP 	response_box: autoDraw = True
60.9126 	EXP 	start_box_2: autoDraw = False
60.9126 	EXP 	response_box: autoDraw = False
60.9126 	EXP 	text_stimulus: height = np.float64(72.0)
60.9126 	EXP 	text_stimulus: height = np.float64(72.0)
60.9126 	EXP 	text_stimulus: height = np.float64(72.0)
60.9126 	EXP 	text_stimulus: text = '4'
60.9126 	EXP 	text_stimulus: height = np.float64(72.0)
60.9126 	EXP 	text_stimulus: height = np.float64(72.0)
60.9126 	EXP 	text_stimulus: height = np.float64(72.0)
60.9126 	EXP 	text_stimulus: text = 4
60.9126 	EXP 	start_box_3: autoDraw = True
60.9126 	EXP 	response_box_2: autoDraw = True
60.9126 	EXP 	text_stimulus: autoDraw = True
62.4304 	EXP 	start_box_3: autoDraw = False
62.4304 	EXP 	response_box_2: autoDraw = False
62.4304 	EXP 	text_stimulus: autoDraw = False
62.4304 	EXP 	blank: autoDraw = True
62.9308 	EXP 	blank: autoDraw = False
63.4164 	EXP 	New trial (rep=0, index=3): <Trial 3 (3 in rep 0) data={'digit': 7, 'trial_type': 'go', 'correct_response': 'click', 'thisN': 3, 'thisTrialN': 3, 'thisRepN': 0}>
63.4314 	EXP 	blank: autoDraw = False
63.4314 	EXP 	fixation_cross_3: autoDraw = True
63.4314 	EXP 	start_box: autoDraw = True
63.4314 	EXP 	start_box: fillColor = [-1, -1, 1]
63.4314 	EXP 	start_box: fillColor = [-1, -1, 1]
63.4487 	EXP 	start_box: fillColor = [-1, -1, 1]
63.4487 	EXP 	start_box: fillColor = [-1, -1, 1]
63.4647 	EXP 	start_box: fillColor = [-1, -1, 1]
63.4814 	EXP 	start_box: fillColor = [-1, -1, 1]
63.4981 	EXP 	start_box: fillColor = [-1, -1, 1]
63.5148 	EXP 	start_box: fillColor = [-1, -1, 1]
63.5314 	EXP 	start_box: fillColor = [-1, -1, 1]
63.5488 	EXP 	start_box: fillColor = [-1, -1, 1]
63.5648 	EXP 	start_box: fillColor = [-1, -1, 1]
63.5815 	EXP 	start_box: fillColor = [-1, -1, 1]
63.5982 	EXP 	start_box: fillColor = [-1, -1, 1]
63.6148 	EXP 	start_box: fillColor = [-1, -1, 1]
63.6315 	EXP 	start_box: fillColor = [-1, -1, 1]
63.6487 	EXP 	start_box: fillColor = [-1, -1, 1]
63.6649 	EXP 	start_box: fillColor = [-1, -1, 1]
63.6816 	EXP 	start_box: fillColor = [-1, -1, 1]
63.6983 	EXP 	start_box: fillColor = [-1, -1, 1]
63.7149 	EXP 	start_box: fillColor = [-1, -1, 1]
63.7316 	EXP 	start_box: fillColor = [-1, -1, 1]
63.7488 	EXP 	start_box: fillColor = [-1, -1, 1]
63.7650 	EXP 	start_box: fillColor = [-1, -1, 1]
63.7816 	EXP 	start_box: fillColor = [-1, -1, 1]
63.7983 	EXP 	start_box: fillColor = [-1, -1, 1]
63.8150 	EXP 	start_box: fillColor = [-1, -1, 1]
63.8317 	EXP 	start_box: fillColor = [-1, -1, 1]
63.8491 	EXP 	start_box: fillColor = [-1, -1, 1]
63.8650 	EXP 	start_box: fillColor = [-1, -1, 1]
63.8817 	EXP 	start_box: fillColor = [-1, -1, 1]
63.8984 	EXP 	start_box: fillColor = [-1, -1, 1]
63.9151 	EXP 	start_box: fillColor = [-1, -1, 1]
63.9317 	EXP 	fixation_cross_3: autoDraw = False
63.9317 	EXP 	start_box: fillColor = [-1, -1, 1]
63.9491 	EXP 	start_box: fillColor = [-1, -1, 1]
63.9651 	EXP 	start_box: fillColor = [-1, -1, 1]
63.9818 	EXP 	start_box: fillColor = [-1, -1, 1]
63.9985 	EXP 	start_box: fillColor = [-1, -1, 1]
64.0151 	EXP 	start_box: fillColor = [-1, -1, 1]
64.0318 	EXP 	start_box: fillColor = [-1, -1, 1]
64.5490 	EXP 	start_box: fillColor = [-1, -1, -1]
64.5490 	EXP 	fixation_cross_3: autoDraw = False
64.5490 	EXP 	start_box: autoDraw = False
64.5490 	EXP 	start_box_2: autoDraw = True
64.5490 	EXP 	response_box: autoDraw = True
67.5515 	EXP 	start_box_2: autoDraw = False
67.5515 	EXP 	response_box: autoDraw = False
67.5515 	EXP 	text_stimulus: height = np.float64(72.0)
67.5515 	EXP 	text_stimulus: height = np.float64(72.0)
67.5515 	EXP 	text_stimulus: height = np.float64(72.0)
67.5515 	EXP 	text_stimulus: text = '7'
67.5515 	EXP 	text_stimulus: height = np.float64(72.0)
67.5515 	EXP 	text_stimulus: height = np.float64(72.0)
67.5515 	EXP 	text_stimulus: height = np.float64(72.0)
67.5515 	EXP 	text_stimulus: text = 7
67.5515 	EXP 	start_box_3: autoDraw = True
67.5515 	EXP 	response_box_2: autoDraw = True
67.5515 	EXP 	text_stimulus: autoDraw = True
69.0694 	EXP 	start_box_3: autoDraw = False
69.0694 	EXP 	response_box_2: autoDraw = False
69.0694 	EXP 	text_stimulus: autoDraw = False
69.0694 	EXP 	blank: autoDraw = True
69.9702 	EXP 	blank: autoDraw = False
70.0556 	EXP 	New trial (rep=0, index=4): <Trial 4 (4 in rep 0) data={'digit': 8, 'trial_type': 'go', 'correct_response': 'click', 'thisN': 4, 'thisTrialN': 4, 'thisRepN': 0}>
70.0704 	EXP 	blank: autoDraw = False
70.0704 	EXP 	fixation_cross_3: autoDraw = True
70.0704 	EXP 	start_box: autoDraw = True
70.0704 	EXP 	start_box: fillColor = [-1, -1, 1]
70.0704 	EXP 	start_box: fillColor = [-1, -1, 1]
70.0870 	EXP 	start_box: fillColor = [-1, -1, 1]
70.0870 	EXP 	start_box: fillColor = [-1, -1, 1]
70.1037 	EXP 	start_box: fillColor = [-1, -1, 1]
70.1211 	EXP 	start_box: fillColor = [-1, -1, 1]
70.1371 	EXP 	start_box: fillColor = [-1, -1, 1]
70.1537 	EXP 	start_box: fillColor = [-1, -1, 1]
70.1704 	EXP 	start_box: fillColor = [-1, -1, 1]
70.1871 	EXP 	start_box: fillColor = [-1, -1, 1]
70.2038 	EXP 	start_box: fillColor = [-1, -1, 1]
70.2212 	EXP 	start_box: fillColor = [-1, -1, 1]
70.2371 	EXP 	start_box: fillColor = [-1, -1, 1]
70.2538 	EXP 	start_box: fillColor = [-1, -1, 1]
70.2705 	EXP 	start_box: fillColor = [-1, -1, 1]
70.2871 	EXP 	start_box: fillColor = [-1, -1, 1]
70.3039 	EXP 	start_box: fillColor = [-1, -1, 1]
70.3214 	EXP 	start_box: fillColor = [-1, -1, 1]
70.3372 	EXP 	start_box: fillColor = [-1, -1, 1]
70.3539 	EXP 	start_box: fillColor = [-1, -1, 1]
70.3706 	EXP 	start_box: fillColor = [-1, -1, 1]
70.3873 	EXP 	start_box: fillColor = [-1, -1, 1]
70.4039 	EXP 	start_box: fillColor = [-1, -1, 1]
70.4218 	EXP 	start_box: fillColor = [-1, -1, 1]
70.4373 	EXP 	start_box: fillColor = [-1, -1, 1]
70.4540 	EXP 	start_box: fillColor = [-1, -1, 1]
70.4706 	EXP 	start_box: fillColor = [-1, -1, 1]
70.4873 	EXP 	start_box: fillColor = [-1, -1, 1]
70.5040 	EXP 	start_box: fillColor = [-1, -1, 1]
70.5215 	EXP 	start_box: fillColor = [-1, -1, 1]
70.5374 	EXP 	start_box: fillColor = [-1, -1, 1]
70.5541 	EXP 	start_box: fillColor = [-1, -1, 1]
70.5707 	EXP 	fixation_cross_3: autoDraw = False
70.5707 	EXP 	start_box: fillColor = [-1, -1, 1]
70.5874 	EXP 	start_box: fillColor = [-1, -1, 1]
70.6041 	EXP 	start_box: fillColor = [-1, -1, 1]
70.6215 	EXP 	start_box: fillColor = [-1, -1, 1]
70.6375 	EXP 	start_box: fillColor = [-1, -1, 1]
70.6542 	EXP 	start_box: fillColor = [-1, -1, 1]
70.6708 	EXP 	start_box: fillColor = [-1, -1, 1]
70.6875 	EXP 	start_box: fillColor = [-1, -1, 1]
70.7042 	EXP 	start_box: fillColor = [-1, -1, 1]
70.7215 	EXP 	start_box: fillColor = [-1, -1, 1]
70.7376 	EXP 	start_box: fillColor = [-1, -1, 1]
70.7542 	EXP 	start_box: fillColor = [-1, -1, 1]
70.7709 	EXP 	start_box: fillColor = [-1, -1, 1]
70.7876 	EXP 	start_box: fillColor = [-1, -1, 1]
70.8043 	EXP 	start_box: fillColor = [-1, -1, 1]
70.8210 	EXP 	start_box: fillColor = [-1, -1, 1]
70.8376 	EXP 	start_box: fillColor = [-1, -1, 1]
70.8543 	EXP 	start_box: fillColor = [-1, -1, 1]
70.8710 	EXP 	start_box: fillColor = [-1, -1, 1]
70.8877 	EXP 	start_box: fillColor = [-1, -1, 1]
70.9043 	EXP 	start_box: fillColor = [-1, -1, 1]
70.9210 	EXP 	start_box: fillColor = [-1, -1, 1]
70.9377 	EXP 	start_box: fillColor = [-1, -1, 1]
70.9544 	EXP 	start_box: fillColor = [-1, -1, 1]
70.9710 	EXP 	start_box: fillColor = [-1, -1, 1]
70.9877 	EXP 	start_box: fillColor = [-1, -1, 1]
71.0044 	EXP 	start_box: fillColor = [-1, -1, 1]
71.0211 	EXP 	start_box: fillColor = [-1, -1, 1]
71.0378 	EXP 	start_box: fillColor = [-1, -1, 1]
71.0545 	EXP 	start_box: fillColor = [-1, -1, 1]
71.0712 	EXP 	start_box: fillColor = [-1, -1, 1]
71.0878 	EXP 	start_box: fillColor = [-1, -1, 1]
71.1044 	EXP 	start_box: fillColor = [-1, -1, 1]
71.1212 	EXP 	start_box: fillColor = [-1, -1, 1]
71.1378 	EXP 	start_box: fillColor = [-1, -1, 1]
71.1545 	EXP 	start_box: fillColor = [-1, -1, 1]
71.1712 	EXP 	start_box: fillColor = [-1, -1, 1]
71.1878 	EXP 	start_box: fillColor = [-1, -1, 1]
71.2045 	EXP 	start_box: fillColor = [-1, -1, 1]
71.2212 	EXP 	start_box: fillColor = [-1, -1, 1]
71.2379 	EXP 	start_box: fillColor = [-1, -1, 1]
71.2546 	EXP 	start_box: fillColor = [-1, -1, 1]
71.2712 	EXP 	start_box: fillColor = [-1, -1, 1]
71.2879 	EXP 	start_box: fillColor = [-1, -1, 1]
71.3046 	EXP 	start_box: fillColor = [-1, -1, 1]
71.3213 	EXP 	start_box: fillColor = [-1, -1, 1]
71.8384 	EXP 	start_box: fillColor = [-1, -1, -1]
71.8384 	EXP 	fixation_cross_3: autoDraw = False
71.8384 	EXP 	start_box: autoDraw = False
71.8384 	EXP 	start_box_2: autoDraw = True
71.8384 	EXP 	response_box: autoDraw = True
72.9394 	EXP 	start_box_2: autoDraw = False
72.9394 	EXP 	response_box: autoDraw = False
72.9394 	EXP 	text_stimulus: height = np.float64(72.0)
72.9394 	EXP 	text_stimulus: height = np.float64(72.0)
72.9394 	EXP 	text_stimulus: height = np.float64(72.0)
72.9394 	EXP 	text_stimulus: text = '8'
72.9394 	EXP 	text_stimulus: height = np.float64(72.0)
72.9394 	EXP 	text_stimulus: height = np.float64(72.0)
72.9394 	EXP 	text_stimulus: height = np.float64(72.0)
72.9394 	EXP 	text_stimulus: text = 8
72.9394 	EXP 	start_box_3: autoDraw = True
72.9394 	EXP 	response_box_2: autoDraw = True
72.9394 	EXP 	text_stimulus: autoDraw = True
74.4573 	EXP 	start_box_3: autoDraw = False
74.4573 	EXP 	response_box_2: autoDraw = False
74.4573 	EXP 	text_stimulus: autoDraw = False
74.4573 	EXP 	blank: autoDraw = True
74.9577 	EXP 	blank: autoDraw = False
75.4430 	EXP 	New trial (rep=0, index=5): <Trial 5 (5 in rep 0) data={'digit': 2, 'trial_type': 'go', 'correct_response': 'click', 'thisN': 5, 'thisTrialN': 5, 'thisRepN': 0}>
75.4582 	EXP 	blank: autoDraw = False
75.4582 	EXP 	fixation_cross_3: autoDraw = True
75.4582 	EXP 	start_box: autoDraw = True
75.4582 	EXP 	start_box: fillColor = [-1, -1, 1]
75.4582 	EXP 	start_box: fillColor = [-1, -1, 1]
75.4748 	EXP 	start_box: fillColor = [-1, -1, 1]
75.4748 	EXP 	start_box: fillColor = [-1, -1, 1]
75.4915 	EXP 	start_box: fillColor = [-1, -1, 1]
75.5090 	EXP 	start_box: fillColor = [-1, -1, 1]
75.5249 	EXP 	start_box: fillColor = [-1, -1, 1]
75.5415 	EXP 	start_box: fillColor = [-1, -1, 1]
75.5582 	EXP 	start_box: fillColor = [-1, -1, 1]
75.5750 	EXP 	start_box: fillColor = [-1, -1, 1]
75.5916 	EXP 	start_box: fillColor = [-1, -1, 1]
75.6091 	EXP 	start_box: fillColor = [-1, -1, 1]
75.6249 	EXP 	start_box: fillColor = [-1, -1, 1]
75.6416 	EXP 	start_box: fillColor = [-1, -1, 1]
75.6583 	EXP 	start_box: fillColor = [-1, -1, 1]
75.6750 	EXP 	start_box: fillColor = [-1, -1, 1]
75.6917 	EXP 	start_box: fillColor = [-1, -1, 1]
75.7095 	EXP 	start_box: fillColor = [-1, -1, 1]
75.7250 	EXP 	start_box: fillColor = [-1, -1, 1]
75.7417 	EXP 	start_box: fillColor = [-1, -1, 1]
75.7584 	EXP 	start_box: fillColor = [-1, -1, 1]
75.9585 	EXP 	fixation_cross_3: autoDraw = False
76.2755 	EXP 	start_box: fillColor = [-1, -1, -1]
76.2755 	EXP 	fixation_cross_3: autoDraw = False
76.2755 	EXP 	start_box: autoDraw = False
76.2755 	EXP 	start_box_2: autoDraw = True
76.2755 	EXP 	response_box: autoDraw = True
77.0929 	EXP 	start_box_2: autoDraw = False
77.0929 	EXP 	response_box: autoDraw = False
77.0929 	EXP 	text_stimulus: height = np.float64(72.0)
77.0929 	EXP 	text_stimulus: height = np.float64(72.0)
77.0929 	EXP 	text_stimulus: height = np.float64(72.0)
77.0929 	EXP 	text_stimulus: text = '2'
77.0929 	EXP 	text_stimulus: height = np.float64(72.0)
77.0929 	EXP 	text_stimulus: height = np.float64(72.0)
77.0929 	EXP 	text_stimulus: height = np.float64(72.0)
77.0929 	EXP 	text_stimulus: text = 2
77.0929 	EXP 	start_box_3: autoDraw = True
77.0929 	EXP 	response_box_2: autoDraw = True
77.0929 	EXP 	text_stimulus: autoDraw = True
78.6108 	EXP 	start_box_3: autoDraw = False
78.6108 	EXP 	response_box_2: autoDraw = False
78.6108 	EXP 	text_stimulus: autoDraw = False
78.6108 	EXP 	blank: autoDraw = True
79.4114 	EXP 	blank: autoDraw = False
79.5978 	EXP 	New trial (rep=0, index=6): <Trial 6 (6 in rep 0) data={'digit': 6, 'trial_type': 'go', 'correct_response': 'click', 'thisN': 6, 'thisTrialN': 6, 'thisRepN': 0}>
79.6117 	EXP 	blank: autoDraw = False
79.6117 	EXP 	fixation_cross_3: autoDraw = True
79.6117 	EXP 	start_box: autoDraw = True
79.6117 	EXP 	start_box: fillColor = [-1, -1, 1]
79.6117 	EXP 	start_box: fillColor = [-1, -1, 1]
79.6283 	EXP 	start_box: fillColor = [-1, -1, 1]
79.6283 	EXP 	start_box: fillColor = [-1, -1, 1]
79.6450 	EXP 	start_box: fillColor = [-1, -1, 1]
79.6618 	EXP 	start_box: fillColor = [-1, -1, 1]
79.6784 	EXP 	start_box: fillColor = [-1, -1, 1]
79.6963 	EXP 	start_box: fillColor = [-1, -1, 1]
79.7118 	EXP 	start_box: fillColor = [-1, -1, 1]
79.7284 	EXP 	start_box: fillColor = [-1, -1, 1]
79.7451 	EXP 	start_box: fillColor = [-1, -1, 1]
79.7618 	EXP 	start_box: fillColor = [-1, -1, 1]
79.7785 	EXP 	start_box: fillColor = [-1, -1, 1]
79.7963 	EXP 	start_box: fillColor = [-1, -1, 1]
79.8118 	EXP 	start_box: fillColor = [-1, -1, 1]
79.8286 	EXP 	start_box: fillColor = [-1, -1, 1]
79.8452 	EXP 	start_box: fillColor = [-1, -1, 1]
79.8619 	EXP 	start_box: fillColor = [-1, -1, 1]
79.8786 	EXP 	start_box: fillColor = [-1, -1, 1]
79.8964 	EXP 	start_box: fillColor = [-1, -1, 1]
79.9119 	EXP 	start_box: fillColor = [-1, -1, 1]
79.9286 	EXP 	start_box: fillColor = [-1, -1, 1]
79.9453 	EXP 	start_box: fillColor = [-1, -1, 1]
79.9620 	EXP 	start_box: fillColor = [-1, -1, 1]
79.9786 	EXP 	start_box: fillColor = [-1, -1, 1]
79.9965 	EXP 	start_box: fillColor = [-1, -1, 1]
80.0120 	EXP 	start_box: fillColor = [-1, -1, 1]
80.0287 	EXP 	start_box: fillColor = [-1, -1, 1]
80.0453 	EXP 	start_box: fillColor = [-1, -1, 1]
80.0620 	EXP 	start_box: fillColor = [-1, -1, 1]
80.0787 	EXP 	start_box: fillColor = [-1, -1, 1]
80.0966 	EXP 	start_box: fillColor = [-1, -1, 1]
80.1120 	EXP 	fixation_cross_3: autoDraw = False
80.1120 	EXP 	start_box: fillColor = [-1, -1, 1]
80.1287 	EXP 	start_box: fillColor = [-1, -1, 1]
80.1454 	EXP 	start_box: fillColor = [-1, -1, 1]
80.1621 	EXP 	start_box: fillColor = [-1, -1, 1]
80.1788 	EXP 	start_box: fillColor = [-1, -1, 1]
80.1965 	EXP 	start_box: fillColor = [-1, -1, 1]
80.2122 	EXP 	start_box: fillColor = [-1, -1, 1]
80.2289 	EXP 	start_box: fillColor = [-1, -1, 1]
80.2456 	EXP 	start_box: fillColor = [-1, -1, 1]
80.2622 	EXP 	start_box: fillColor = [-1, -1, 1]
80.2789 	EXP 	start_box: fillColor = [-1, -1, 1]
80.2955 	EXP 	start_box: fillColor = [-1, -1, 1]
80.3122 	EXP 	start_box: fillColor = [-1, -1, 1]
80.3289 	EXP 	start_box: fillColor = [-1, -1, 1]
80.3456 	EXP 	start_box: fillColor = [-1, -1, 1]
80.8627 	EXP 	start_box: fillColor = [-1, -1, -1]
80.8627 	EXP 	fixation_cross_3: autoDraw = False
80.8627 	EXP 	start_box: autoDraw = False
80.8627 	EXP 	start_box_2: autoDraw = True
80.8627 	EXP 	response_box: autoDraw = True
82.2139 	EXP 	start_box_2: autoDraw = False
82.2139 	EXP 	response_box: autoDraw = False
82.2139 	EXP 	text_stimulus: height = np.float64(72.0)
82.2139 	EXP 	text_stimulus: height = np.float64(72.0)
82.2139 	EXP 	text_stimulus: height = np.float64(72.0)
82.2139 	EXP 	text_stimulus: text = '6'
82.2139 	EXP 	text_stimulus: height = np.float64(72.0)
82.2139 	EXP 	text_stimulus: height = np.float64(72.0)
82.2139 	EXP 	text_stimulus: height = np.float64(72.0)
82.2139 	EXP 	text_stimulus: text = 6
82.2139 	EXP 	start_box_3: autoDraw = True
82.2139 	EXP 	response_box_2: autoDraw = True
82.2139 	EXP 	text_stimulus: autoDraw = True
83.7318 	EXP 	start_box_3: autoDraw = False
83.7318 	EXP 	response_box_2: autoDraw = False
83.7318 	EXP 	text_stimulus: autoDraw = False
83.7318 	EXP 	blank: autoDraw = True
84.2322 	EXP 	blank: autoDraw = False
84.7174 	EXP 	New trial (rep=0, index=7): <Trial 7 (7 in rep 0) data={'digit': 3, 'trial_type': 'go', 'correct_response': 'click', 'thisN': 7, 'thisTrialN': 7, 'thisRepN': 0}>
84.7328 	EXP 	blank: autoDraw = False
84.7328 	EXP 	fixation_cross_3: autoDraw = True
84.7328 	EXP 	start_box: autoDraw = True
84.7328 	EXP 	start_box: fillColor = [-1, -1, 1]
84.7328 	EXP 	start_box: fillColor = [-1, -1, 1]
84.7493 	EXP 	start_box: fillColor = [-1, -1, 1]
84.7493 	EXP 	start_box: fillColor = [-1, -1, 1]
84.7660 	EXP 	start_box: fillColor = [-1, -1, 1]
84.7839 	EXP 	start_box: fillColor = [-1, -1, 1]
84.7994 	EXP 	start_box: fillColor = [-1, -1, 1]
84.8161 	EXP 	start_box: fillColor = [-1, -1, 1]
84.8328 	EXP 	start_box: fillColor = [-1, -1, 1]
84.8495 	EXP 	start_box: fillColor = [-1, -1, 1]
84.8661 	EXP 	start_box: fillColor = [-1, -1, 1]
84.8838 	EXP 	start_box: fillColor = [-1, -1, 1]
84.8995 	EXP 	start_box: fillColor = [-1, -1, 1]
84.9161 	EXP 	start_box: fillColor = [-1, -1, 1]
84.9328 	EXP 	start_box: fillColor = [-1, -1, 1]
84.9495 	EXP 	start_box: fillColor = [-1, -1, 1]
84.9662 	EXP 	start_box: fillColor = [-1, -1, 1]
84.9839 	EXP 	start_box: fillColor = [-1, -1, 1]
84.9995 	EXP 	start_box: fillColor = [-1, -1, 1]
85.0162 	EXP 	start_box: fillColor = [-1, -1, 1]
85.0330 	EXP 	start_box: fillColor = [-1, -1, 1]
85.0496 	EXP 	start_box: fillColor = [-1, -1, 1]
85.0662 	EXP 	start_box: fillColor = [-1, -1, 1]
85.0842 	EXP 	start_box: fillColor = [-1, -1, 1]
85.0996 	EXP 	start_box: fillColor = [-1, -1, 1]
85.1163 	EXP 	start_box: fillColor = [-1, -1, 1]
85.1330 	EXP 	start_box: fillColor = [-1, -1, 1]
85.1497 	EXP 	start_box: fillColor = [-1, -1, 1]
85.1664 	EXP 	start_box: fillColor = [-1, -1, 1]
85.1843 	EXP 	start_box: fillColor = [-1, -1, 1]
85.1997 	EXP 	start_box: fillColor = [-1, -1, 1]
85.2164 	EXP 	start_box: fillColor = [-1, -1, 1]
85.2330 	EXP 	fixation_cross_3: autoDraw = False
85.2330 	EXP 	start_box: fillColor = [-1, -1, 1]
85.2497 	EXP 	start_box: fillColor = [-1, -1, 1]
85.2664 	EXP 	start_box: fillColor = [-1, -1, 1]
85.2843 	EXP 	start_box: fillColor = [-1, -1, 1]
85.2998 	EXP 	start_box: fillColor = [-1, -1, 1]
85.3165 	EXP 	start_box: fillColor = [-1, -1, 1]
85.3331 	EXP 	start_box: fillColor = [-1, -1, 1]
85.3499 	EXP 	start_box: fillColor = [-1, -1, 1]
85.3665 	EXP 	start_box: fillColor = [-1, -1, 1]
85.3838 	EXP 	start_box: fillColor = [-1, -1, 1]
85.3999 	EXP 	start_box: fillColor = [-1, -1, 1]
85.9170 	EXP 	start_box: fillColor = [-1, -1, -1]
85.9170 	EXP 	fixation_cross_3: autoDraw = False
85.9170 	EXP 	start_box: autoDraw = False
85.9170 	EXP 	start_box_2: autoDraw = True
85.9170 	EXP 	response_box: autoDraw = True
86.8345 	EXP 	start_box_2: autoDraw = False
86.8345 	EXP 	response_box: autoDraw = False
86.8345 	EXP 	text_stimulus: height = np.float64(72.0)
86.8345 	EXP 	text_stimulus: height = np.float64(72.0)
86.8345 	EXP 	text_stimulus: height = np.float64(72.0)
86.8345 	EXP 	text_stimulus: text = '3'
86.8345 	EXP 	text_stimulus: height = np.float64(72.0)
86.8345 	EXP 	text_stimulus: height = np.float64(72.0)
86.8345 	EXP 	text_stimulus: height = np.float64(72.0)
86.8345 	EXP 	text_stimulus: text = 3
86.8345 	EXP 	start_box_3: autoDraw = True
86.8345 	EXP 	response_box_2: autoDraw = True
86.8345 	EXP 	text_stimulus: autoDraw = True
88.3523 	EXP 	start_box_3: autoDraw = False
88.3523 	EXP 	response_box_2: autoDraw = False
88.3523 	EXP 	text_stimulus: autoDraw = False
88.3523 	EXP 	blank: autoDraw = True
88.9529 	EXP 	blank: autoDraw = False
89.3387 	EXP 	New trial (rep=0, index=8): <Trial 8 (8 in rep 0) data={'digit': 8, 'trial_type': 'go', 'correct_response': 'click', 'thisN': 8, 'thisTrialN': 8, 'thisRepN': 0}>
89.3533 	EXP 	blank: autoDraw = False
89.3533 	EXP 	fixation_cross_3: autoDraw = True
89.3533 	EXP 	start_box: autoDraw = True
89.3533 	EXP 	start_box: fillColor = [-1, -1, 1]
89.3533 	EXP 	start_box: fillColor = [-1, -1, 1]
89.3699 	EXP 	start_box: fillColor = [-1, -1, 1]
89.3699 	EXP 	start_box: fillColor = [-1, -1, 1]
89.3865 	EXP 	start_box: fillColor = [-1, -1, 1]
89.4033 	EXP 	start_box: fillColor = [-1, -1, 1]
89.4199 	EXP 	start_box: fillColor = [-1, -1, 1]
89.4366 	EXP 	start_box: fillColor = [-1, -1, 1]
89.4533 	EXP 	start_box: fillColor = [-1, -1, 1]
89.4700 	EXP 	start_box: fillColor = [-1, -1, 1]
89.4866 	EXP 	start_box: fillColor = [-1, -1, 1]
89.5033 	EXP 	start_box: fillColor = [-1, -1, 1]
89.5200 	EXP 	start_box: fillColor = [-1, -1, 1]
89.5367 	EXP 	start_box: fillColor = [-1, -1, 1]
89.5534 	EXP 	start_box: fillColor = [-1, -1, 1]
89.5701 	EXP 	start_box: fillColor = [-1, -1, 1]
89.5867 	EXP 	start_box: fillColor = [-1, -1, 1]
89.6034 	EXP 	start_box: fillColor = [-1, -1, 1]
89.6201 	EXP 	start_box: fillColor = [-1, -1, 1]
89.6368 	EXP 	start_box: fillColor = [-1, -1, 1]
89.6535 	EXP 	start_box: fillColor = [-1, -1, 1]
89.6701 	EXP 	start_box: fillColor = [-1, -1, 1]
89.6868 	EXP 	start_box: fillColor = [-1, -1, 1]
89.7035 	EXP 	start_box: fillColor = [-1, -1, 1]
89.7202 	EXP 	start_box: fillColor = [-1, -1, 1]
89.8536 	EXP 	fixation_cross_3: autoDraw = False
90.2373 	EXP 	start_box: fillColor = [-1, -1, -1]
90.2373 	EXP 	fixation_cross_3: autoDraw = False
90.2373 	EXP 	start_box: autoDraw = False
90.2373 	EXP 	start_box_2: autoDraw = True
90.2373 	EXP 	response_box: autoDraw = True
92.3558 	EXP 	start_box_2: autoDraw = False
92.3558 	EXP 	response_box: autoDraw = False
92.3558 	EXP 	text_stimulus: height = np.float64(72.0)
92.3558 	EXP 	text_stimulus: height = np.float64(72.0)
92.3558 	EXP 	text_stimulus: height = np.float64(72.0)
92.3558 	EXP 	text_stimulus: text = '8'
92.3558 	EXP 	text_stimulus: height = np.float64(72.0)
92.3558 	EXP 	text_stimulus: height = np.float64(72.0)
92.3558 	EXP 	text_stimulus: height = np.float64(72.0)
92.3558 	EXP 	text_stimulus: text = 8
92.3558 	EXP 	start_box_3: autoDraw = True
92.3558 	EXP 	response_box_2: autoDraw = True
92.3558 	EXP 	text_stimulus: autoDraw = True
93.8737 	EXP 	start_box_3: autoDraw = False
93.8737 	EXP 	response_box_2: autoDraw = False
93.8737 	EXP 	text_stimulus: autoDraw = False
93.8737 	EXP 	blank: autoDraw = True
94.3742 	EXP 	blank: autoDraw = False
94.8595 	EXP 	New trial (rep=0, index=9): <Trial 9 (9 in rep 0) data={'digit': 6, 'trial_type': 'go', 'correct_response': 'click', 'thisN': 9, 'thisTrialN': 9, 'thisRepN': 0}>
94.8745 	EXP 	blank: autoDraw = False
94.8745 	EXP 	fixation_cross_3: autoDraw = True
94.8745 	EXP 	start_box: autoDraw = True
94.8745 	EXP 	start_box: fillColor = [-1, -1, 1]
94.8745 	EXP 	start_box: fillColor = [-1, -1, 1]
94.8912 	EXP 	start_box: fillColor = [-1, -1, 1]
94.8912 	EXP 	start_box: fillColor = [-1, -1, 1]
94.9079 	EXP 	start_box: fillColor = [-1, -1, 1]
94.9246 	EXP 	start_box: fillColor = [-1, -1, 1]
94.9413 	EXP 	start_box: fillColor = [-1, -1, 1]
94.9580 	EXP 	start_box: fillColor = [-1, -1, 1]
94.9746 	EXP 	start_box: fillColor = [-1, -1, 1]
94.9913 	EXP 	start_box: fillColor = [-1, -1, 1]
95.0080 	EXP 	start_box: fillColor = [-1, -1, 1]
95.0247 	EXP 	start_box: fillColor = [-1, -1, 1]
95.0413 	EXP 	start_box: fillColor = [-1, -1, 1]
95.0581 	EXP 	start_box: fillColor = [-1, -1, 1]
95.0747 	EXP 	start_box: fillColor = [-1, -1, 1]
95.0914 	EXP 	start_box: fillColor = [-1, -1, 1]
95.1081 	EXP 	start_box: fillColor = [-1, -1, 1]
95.1247 	EXP 	start_box: fillColor = [-1, -1, 1]
95.1414 	EXP 	start_box: fillColor = [-1, -1, 1]
95.1581 	EXP 	start_box: fillColor = [-1, -1, 1]
95.1747 	EXP 	start_box: fillColor = [-1, -1, 1]
95.1915 	EXP 	start_box: fillColor = [-1, -1, 1]
95.2082 	EXP 	start_box: fillColor = [-1, -1, 1]
95.2248 	EXP 	start_box: fillColor = [-1, -1, 1]
95.2415 	EXP 	start_box: fillColor = [-1, -1, 1]
95.2582 	EXP 	start_box: fillColor = [-1, -1, 1]
95.2748 	EXP 	start_box: fillColor = [-1, -1, 1]
95.2916 	EXP 	start_box: fillColor = [-1, -1, 1]
95.3082 	EXP 	start_box: fillColor = [-1, -1, 1]
95.3249 	EXP 	start_box: fillColor = [-1, -1, 1]
95.3416 	EXP 	start_box: fillColor = [-1, -1, 1]
95.3583 	EXP 	start_box: fillColor = [-1, -1, 1]
95.3749 	EXP 	fixation_cross_3: autoDraw = False
95.3749 	EXP 	start_box: fillColor = [-1, -1, 1]
95.8921 	EXP 	start_box: fillColor = [-1, -1, -1]
95.8921 	EXP 	fixation_cross_3: autoDraw = False
95.8921 	EXP 	start_box: autoDraw = False
95.8921 	EXP 	start_box_2: autoDraw = True
95.8921 	EXP 	response_box: autoDraw = True
96.7762 	EXP 	start_box_2: autoDraw = False
96.7762 	EXP 	response_box: autoDraw = False
96.7762 	EXP 	text_stimulus: height = np.float64(72.0)
96.7762 	EXP 	text_stimulus: height = np.float64(72.0)
96.7762 	EXP 	text_stimulus: height = np.float64(72.0)
96.7762 	EXP 	text_stimulus: text = '6'
96.7762 	EXP 	text_stimulus: height = np.float64(72.0)
96.7762 	EXP 	text_stimulus: height = np.float64(72.0)
96.7762 	EXP 	text_stimulus: height = np.float64(72.0)
96.7762 	EXP 	text_stimulus: text = 6
96.7762 	EXP 	start_box_3: autoDraw = True
96.7762 	EXP 	response_box_2: autoDraw = True
96.7762 	EXP 	text_stimulus: autoDraw = True
98.2941 	EXP 	start_box_3: autoDraw = False
98.2941 	EXP 	response_box_2: autoDraw = False
98.2941 	EXP 	text_stimulus: autoDraw = False
98.2941 	EXP 	blank: autoDraw = True
99.2804 	EXP 	New trial (rep=0, index=10): <Trial 10 (10 in rep 0) data={'digit': 8, 'trial_type': 'go', 'correct_response': 'click', 'thisN': 10, 'thisTrialN': 10, 'thisRepN': 0}>
99.2951 	EXP 	blank: autoDraw = False
99.2951 	EXP 	blank: autoDraw = False
99.2951 	EXP 	fixation_cross_3: autoDraw = True
99.2951 	EXP 	start_box: autoDraw = True
99.2951 	EXP 	start_box: fillColor = [-1, -1, 1]
99.2951 	EXP 	start_box: fillColor = [-1, -1, 1]
99.3117 	EXP 	start_box: fillColor = [-1, -1, 1]
99.3117 	EXP 	start_box: fillColor = [-1, -1, 1]
99.3283 	EXP 	start_box: fillColor = [-1, -1, 1]
99.3451 	EXP 	start_box: fillColor = [-1, -1, 1]
99.3623 	EXP 	start_box: fillColor = [-1, -1, 1]
99.3784 	EXP 	start_box: fillColor = [-1, -1, 1]
99.3951 	EXP 	start_box: fillColor = [-1, -1, 1]
99.4118 	EXP 	start_box: fillColor = [-1, -1, 1]
99.4284 	EXP 	start_box: fillColor = [-1, -1, 1]
99.4451 	EXP 	start_box: fillColor = [-1, -1, 1]
99.4623 	EXP 	start_box: fillColor = [-1, -1, 1]
99.4785 	EXP 	start_box: fillColor = [-1, -1, 1]
99.4951 	EXP 	start_box: fillColor = [-1, -1, 1]
99.5119 	EXP 	start_box: fillColor = [-1, -1, 1]
99.5286 	EXP 	start_box: fillColor = [-1, -1, 1]
99.5453 	EXP 	start_box: fillColor = [-1, -1, 1]
99.5618 	EXP 	start_box: fillColor = [-1, -1, 1]
99.5786 	EXP 	start_box: fillColor = [-1, -1, 1]
99.5952 	EXP 	start_box: fillColor = [-1, -1, 1]
99.6119 	EXP 	start_box: fillColor = [-1, -1, 1]
99.6286 	EXP 	start_box: fillColor = [-1, -1, 1]
99.6453 	EXP 	start_box: fillColor = [-1, -1, 1]
99.6619 	EXP 	start_box: fillColor = [-1, -1, 1]
99.6787 	EXP 	start_box: fillColor = [-1, -1, 1]
99.6953 	EXP 	start_box: fillColor = [-1, -1, 1]
99.7120 	EXP 	start_box: fillColor = [-1, -1, 1]
99.7287 	EXP 	start_box: fillColor = [-1, -1, 1]
99.7454 	EXP 	start_box: fillColor = [-1, -1, 1]
99.7620 	EXP 	start_box: fillColor = [-1, -1, 1]
99.7788 	EXP 	start_box: fillColor = [-1, -1, 1]
99.7954 	EXP 	fixation_cross_3: autoDraw = False
99.7954 	EXP 	start_box: fillColor = [-1, -1, 1]
99.8121 	EXP 	start_box: fillColor = [-1, -1, 1]
99.8288 	EXP 	start_box: fillColor = [-1, -1, 1]
99.8455 	EXP 	start_box: fillColor = [-1, -1, 1]
99.8457 	DATA 	Keypress: escape
99.8460 	EXP 	Device response: <KeyPress from None: t=99.84123063087463, value=escape, duration=None>
99.8621 	EXP 	start_box: fillColor = [-1, -1, 1]
99.8788 	EXP 	start_box: fillColor = [-1, -1, 1]
99.8955 	EXP 	start_box: fillColor = [-1, -1, 1]
99.9122 	EXP 	start_box: fillColor = [-1, -1, 1]
99.9289 	EXP 	start_box: fillColor = [-1, -1, 1]
99.9456 	EXP 	start_box: fillColor = [-1, -1, 1]
99.9622 	EXP 	start_box: fillColor = [-1, -1, 1]
99.9626 	EXP 	Device response: <KeyPress from None: t=99.84123063087463, value=escape, duration=0.11966538429260254>
99.9626 	EXP 	go_nogo_dm: status = STOPPED
99.9789 	EXP 	start_box: fillColor = [-1, -1, 1]
99.9789 	EXP 	start_box: autoDraw = False
99.9789 	EXP 	go_nogo_dm: status = STOPPED
100.0320 	INFO 	saved data to '/media/Data03/Studies/Research_BEEHub/Git_repository/BEEHub/Projects/MT/paradigm/psychopy/data/918463_go_nogo_dm_2026-08-11_16h45.56.977.csv'
100.0745 	INFO 	saved data to /media/Data03/Studies/Research_BEEHub/Git_repository/BEEHub/Projects/MT/paradigm/psychopy/data/918463_go_nogo_dm_2026-08-11_16h45.56.977.psydat
